Archive member included to satisfy reference by file (symbol)

c:/program files (x86)/atollic/truestudio for stm32 9.0.1/armtools/bin/../lib/gcc/arm-atollic-eabi/6.3.1/../../../../arm-atollic-eabi/lib/armv7e-m/fpu\libc_nano.a(lib_a-init.o)
                              startup\startup_stm32f407xx.o (__libc_init_array)
c:/program files (x86)/atollic/truestudio for stm32 9.0.1/armtools/bin/../lib/gcc/arm-atollic-eabi/6.3.1/../../../../arm-atollic-eabi/lib/armv7e-m/fpu\libc_nano.a(lib_a-malloc.o)
                              Middlewares\ST\STM32_USB_Host_Library\Class\MSC\Src\usbh_msc.o (malloc)
c:/program files (x86)/atollic/truestudio for stm32 9.0.1/armtools/bin/../lib/gcc/arm-atollic-eabi/6.3.1/../../../../arm-atollic-eabi/lib/armv7e-m/fpu\libc_nano.a(lib_a-memmove.o)
                              Src\ssd1306_tests.o (memmove)
c:/program files (x86)/atollic/truestudio for stm32 9.0.1/armtools/bin/../lib/gcc/arm-atollic-eabi/6.3.1/../../../../arm-atollic-eabi/lib/armv7e-m/fpu\libc_nano.a(lib_a-memset.o)
                              Middlewares\ST\STM32_USB_Host_Library\Class\MSC\Src\usbh_msc.o (memset)
c:/program files (x86)/atollic/truestudio for stm32 9.0.1/armtools/bin/../lib/gcc/arm-atollic-eabi/6.3.1/../../../../arm-atollic-eabi/lib/armv7e-m/fpu\libc_nano.a(lib_a-nano-freer.o)
                              c:/program files (x86)/atollic/truestudio for stm32 9.0.1/armtools/bin/../lib/gcc/arm-atollic-eabi/6.3.1/../../../../arm-atollic-eabi/lib/armv7e-m/fpu\libc_nano.a(lib_a-malloc.o) (_free_r)
c:/program files (x86)/atollic/truestudio for stm32 9.0.1/armtools/bin/../lib/gcc/arm-atollic-eabi/6.3.1/../../../../arm-atollic-eabi/lib/armv7e-m/fpu\libc_nano.a(lib_a-nano-mallocr.o)
                              c:/program files (x86)/atollic/truestudio for stm32 9.0.1/armtools/bin/../lib/gcc/arm-atollic-eabi/6.3.1/../../../../arm-atollic-eabi/lib/armv7e-m/fpu\libc_nano.a(lib_a-malloc.o) (_malloc_r)
c:/program files (x86)/atollic/truestudio for stm32 9.0.1/armtools/bin/../lib/gcc/arm-atollic-eabi/6.3.1/../../../../arm-atollic-eabi/lib/armv7e-m/fpu\libc_nano.a(lib_a-sbrkr.o)
                              c:/program files (x86)/atollic/truestudio for stm32 9.0.1/armtools/bin/../lib/gcc/arm-atollic-eabi/6.3.1/../../../../arm-atollic-eabi/lib/armv7e-m/fpu\libc_nano.a(lib_a-nano-mallocr.o) (_sbrk_r)
c:/program files (x86)/atollic/truestudio for stm32 9.0.1/armtools/bin/../lib/gcc/arm-atollic-eabi/6.3.1/../../../../arm-atollic-eabi/lib/armv7e-m/fpu\libc_nano.a(lib_a-snprintf.o)
                              Src\ssd1306_tests.o (snprintf)
c:/program files (x86)/atollic/truestudio for stm32 9.0.1/armtools/bin/../lib/gcc/arm-atollic-eabi/6.3.1/../../../../arm-atollic-eabi/lib/armv7e-m/fpu\libc_nano.a(lib_a-impure.o)
                              c:/program files (x86)/atollic/truestudio for stm32 9.0.1/armtools/bin/../lib/gcc/arm-atollic-eabi/6.3.1/../../../../arm-atollic-eabi/lib/armv7e-m/fpu\libc_nano.a(lib_a-malloc.o) (_impure_ptr)
c:/program files (x86)/atollic/truestudio for stm32 9.0.1/armtools/bin/../lib/gcc/arm-atollic-eabi/6.3.1/../../../../arm-atollic-eabi/lib/armv7e-m/fpu\libc_nano.a(lib_a-mlock.o)
                              c:/program files (x86)/atollic/truestudio for stm32 9.0.1/armtools/bin/../lib/gcc/arm-atollic-eabi/6.3.1/../../../../arm-atollic-eabi/lib/armv7e-m/fpu\libc_nano.a(lib_a-nano-freer.o) (__malloc_lock)
c:/program files (x86)/atollic/truestudio for stm32 9.0.1/armtools/bin/../lib/gcc/arm-atollic-eabi/6.3.1/../../../../arm-atollic-eabi/lib/armv7e-m/fpu\libc_nano.a(lib_a-nano-svfprintf.o)
                              c:/program files (x86)/atollic/truestudio for stm32 9.0.1/armtools/bin/../lib/gcc/arm-atollic-eabi/6.3.1/../../../../arm-atollic-eabi/lib/armv7e-m/fpu\libc_nano.a(lib_a-snprintf.o) (_svfprintf_r)
c:/program files (x86)/atollic/truestudio for stm32 9.0.1/armtools/bin/../lib/gcc/arm-atollic-eabi/6.3.1/../../../../arm-atollic-eabi/lib/armv7e-m/fpu\libc_nano.a(lib_a-nano-vfprintf_i.o)
                              c:/program files (x86)/atollic/truestudio for stm32 9.0.1/armtools/bin/../lib/gcc/arm-atollic-eabi/6.3.1/../../../../arm-atollic-eabi/lib/armv7e-m/fpu\libc_nano.a(lib_a-nano-svfprintf.o) (_printf_i)
c:/program files (x86)/atollic/truestudio for stm32 9.0.1/armtools/bin/../lib/gcc/arm-atollic-eabi/6.3.1/../../../../arm-atollic-eabi/lib/armv7e-m/fpu\libc_nano.a(lib_a-reent.o)
                              c:/program files (x86)/atollic/truestudio for stm32 9.0.1/armtools/bin/../lib/gcc/arm-atollic-eabi/6.3.1/../../../../arm-atollic-eabi/lib/armv7e-m/fpu\libc_nano.a(lib_a-sbrkr.o) (errno)
c:/program files (x86)/atollic/truestudio for stm32 9.0.1/armtools/bin/../lib/gcc/arm-atollic-eabi/6.3.1/../../../../arm-atollic-eabi/lib/armv7e-m/fpu\libc_nano.a(lib_a-memchr.o)
[...]
Memory Configuration

Name             Origin             Length             Attributes
RAM              0x20000000         0x00020000         xrw
CCMRAM           0x10000000         0x00010000         rw
FLASH            0x08000000         0x00100000         xr
*default*        0x00000000         0xffffffff

Linker script and memory map

LOAD c:/program files (x86)/atollic/truestudio for stm32 9.0.1/armtools/bin/../lib/gcc/arm-atollic-eabi/6.3.1/armv7e-m/fpu/crti.o
LOAD c:/program files (x86)/atollic/truestudio for stm32 9.0.1/armtools/bin/../lib/gcc/arm-atollic-eabi/6.3.1/armv7e-m/fpu/crtbegin.o
LOAD Drivers\STM32F4xx_HAL_Driver\Src\stm32f4xx_hal.o
LOAD Drivers\STM32F4xx_HAL_Driver\Src\stm32f4xx_hal_cortex.o
LOAD Drivers\STM32F4xx_HAL_Driver\Src\stm32f4xx_hal_dma.o
LOAD Drivers\STM32F4xx_HAL_Driver\Src\stm32f4xx_hal_dma_ex.o
LOAD Drivers\STM32F4xx_HAL_Driver\Src\stm32f4xx_hal_flash.o
LOAD Drivers\STM32F4xx_HAL_Driver\Src\stm32f4xx_hal_flash_ex.o
LOAD Drivers\STM32F4xx_HAL_Driver\Src\stm32f4xx_hal_flash_ramfunc.o
LOAD Drivers\STM32F4xx_HAL_Driver\Src\stm32f4xx_hal_gpio.o
LOAD Drivers\STM32F4xx_HAL_Driver\Src\stm32f4xx_hal_hcd.o
LOAD Drivers\STM32F4xx_HAL_Driver\Src\stm32f4xx_hal_i2c.o
LOAD Drivers\STM32F4xx_HAL_Driver\Src\stm32f4xx_hal_i2c_ex.o
LOAD Drivers\STM32F4xx_HAL_Driver\Src\stm32f4xx_hal_i2s.o
LOAD Drivers\STM32F4xx_HAL_Driver\Src\stm32f4xx_hal_i2s_ex.o
LOAD Drivers\STM32F4xx_HAL_Driver\Src\stm32f4xx_hal_pwr.o
LOAD Drivers\STM32F4xx_HAL_Driver\Src\stm32f4xx_hal_pwr_ex.o
LOAD Drivers\STM32F4xx_HAL_Driver\Src\stm32f4xx_hal_rcc.o
LOAD Drivers\STM32F4xx_HAL_Driver\Src\stm32f4xx_hal_rcc_ex.o
LOAD Drivers\STM32F4xx_HAL_Driver\Src\stm32f4xx_hal_spi.o
LOAD Drivers\STM32F4xx_HAL_Driver\Src\stm32f4xx_hal_tim.o
LOAD Drivers\STM32F4xx_HAL_Driver\Src\stm32f4xx_hal_tim_ex.o
LOAD Drivers\STM32F4xx_HAL_Driver\Src\stm32f4xx_ll_usb.o
LOAD Middlewares\ST\STM32_USB_Host_Library\Class\MSC\Src\usbh_msc.o
LOAD Middlewares\ST\STM32_USB_Host_Library\Class\MSC\Src\usbh_msc_bot.o
LOAD Middlewares\ST\STM32_USB_Host_Library\Class\MSC\Src\usbh_msc_scsi.o
LOAD Middlewares\ST\STM32_USB_Host_Library\Core\Src\usbh_core.o
LOAD Middlewares\ST\STM32_USB_Host_Library\Core\Src\usbh_ctlreq.o
LOAD Middlewares\ST\STM32_USB_Host_Library\Core\Src\usbh_ioreq.o
LOAD Middlewares\ST\STM32_USB_Host_Library\Core\Src\usbh_pipes.o
LOAD Middlewares\Third_Party\FatFs\src\diskio.o
LOAD Middlewares\Third_Party\FatFs\src\ff.o
LOAD Middlewares\Third_Party\FatFs\src\ff_gen_drv.o
LOAD Middlewares\Third_Party\FatFs\src\option\ccsbcs.o
LOAD Middlewares\Third_Party\FatFs\src\option\syscall.o
LOAD Src\cs43l22.o
LOAD Src\dma.o
LOAD Src\fatfs.o
LOAD Src\gpio.o
LOAD Src\i2c.o
LOAD Src\main.o
LOAD Src\spi.o
LOAD Src\ssd1306.o
LOAD Src\ssd1306_fonts.o
LOAD Src\ssd1306_tests.o
LOAD Src\stm32f4_discovery.o
LOAD Src\stm32f4_discovery_audio.o
LOAD Src\stm32f4xx_hal_msp.o
LOAD Src\stm32f4xx_it.o
LOAD Src\system_stm32f4xx.o
LOAD Src\usb_host.o
LOAD Src\usbh_conf.o
LOAD Src\usbh_diskio.o
LOAD Src\usbh_platform.o
LOAD Src\waveplayer.o
LOAD startup\startup_stm32f407xx.o
                0x00000080                malloc_getpagesize_P = 0x80
START GROUP
LOAD c:/program files (x86)/atollic/truestudio for stm32 9.0.1/armtools/bin/../lib/gcc/arm-atollic-eabi/6.3.1/../../../../arm-atollic-eabi/lib/armv7e-m/fpu\libc_nano.a
LOAD c:/program files (x86)/atollic/truestudio for stm32 9.0.1/armtools/bin/../lib/gcc/arm-atollic-eabi/6.3.1/../../../../arm-atollic-eabi/lib/armv7e-m/fpu\libm.a
END GROUP
START GROUP
LOAD c:/program files (x86)/atollic/truestudio for stm32 9.0.1/armtools/bin/../lib/gcc/arm-atollic-eabi/6.3.1/armv7e-m/fpu\libgcc.a
LOAD c:/program files (x86)/atollic/truestudio for stm32 9.0.1/armtools/bin/../lib/gcc/arm-atollic-eabi/6.3.1/../../../../arm-atollic-eabi/lib/armv7e-m/fpu\libc_nano.a
END GROUP
START GROUP
LOAD c:/program files (x86)/atollic/truestudio for stm32 9.0.1/armtools/bin/../lib/gcc/arm-atollic-eabi/6.3.1/armv7e-m/fpu\libgcc.a
LOAD c:/program files (x86)/atollic/truestudio for stm32 9.0.1/armtools/bin/../lib/gcc/arm-atollic-eabi/6.3.1/../../../../arm-atollic-eabi/lib/armv7e-m/fpu\libc_nano.a
LOAD c:/program files (x86)/atollic/truestudio for stm32 9.0.1/armtools/bin/../lib/gcc/arm-atollic-eabi/6.3.1/../../../../arm-atollic-eabi/lib/armv7e-m/fpu\libnosys.a
END GROUP
START GROUP
LOAD c:/program files (x86)/atollic/truestudio for stm32 9.0.1/armtools/bin/../lib/gcc/arm-atollic-eabi/6.3.1/armv7e-m/fpu\libgcc.a
LOAD c:/program files (x86)/atollic/truestudio for stm32 9.0.1/armtools/bin/../lib/gcc/arm-atollic-eabi/6.3.1/../../../../arm-atollic-eabi/lib/armv7e-m/fpu\libc_nano.a
LOAD c:/program files (x86)/atollic/truestudio for stm32 9.0.1/armtools/bin/../lib/gcc/arm-atollic-eabi/6.3.1/../../../../arm-atollic-eabi/lib/armv7e-m/fpu\libnosys.a
END GROUP
LOAD c:/program files (x86)/atollic/truestudio for stm32 9.0.1/armtools/bin/../lib/gcc/arm-atollic-eabi/6.3.1/armv7e-m/fpu/crtend.o
LOAD c:/program files (x86)/atollic/truestudio for stm32 9.0.1/armtools/bin/../lib/gcc/arm-atollic-eabi/6.3.1/armv7e-m/fpu/crtn.o
                0x20020000                _estack = 0x20020000
                0x00002000                _Min_Heap_Size = 0x2000
                0x00004000                _Min_Stack_Size = 0x4000

.isr_vector     0x08000000      0x188
                0x08000000                . = ALIGN (0x4)
 *(.isr_vector)
 .isr_vector    0x08000000      0x188 startup\startup_stm32f407xx.o
                0x08000000                g_pfnVectors
                0x08000188                . = ALIGN (0x4)

.text           0x08000188     0x8174
                0x08000188                . = ALIGN (0x4)
 *(.text)
 .text          0x08000188       0x40 c:/program files (x86)/atollic/truestudio for stm32 9.0.1/armtools/bin/../lib/gcc/arm-atollic-eabi/6.3.1/armv7e-m/fpu/crtbegin.o
 .text          0x080001c8       0x30 c:/program files (x86)/atollic/truestudio for stm32 9.0.1/armtools/bin/../lib/gcc/arm-atollic-eabi/6.3.1/armv7e-m/fpu\libgcc.a(_aeabi_uldivmod.o)
                0x080001c8                __aeabi_uldivmod
 .text          0x080001f8      0x2dc c:/program files (x86)/atollic/truestudio for stm32 9.0.1/armtools/bin/../lib/gcc/arm-atollic-eabi/6.3.1/armv7e-m/fpu\libgcc.a(_udivmoddi4.o)
                0x080001f8                __udivmoddi4
 .text          0x080004d4        0x4 c:/program files (x86)/atollic/truestudio for stm32 9.0.1/armtools/bin/../lib/gcc/arm-atollic-eabi/6.3.1/armv7e-m/fpu\libgcc.a(_dvmd_tls.o)
                0x080004d4                __aeabi_idiv0
                0x080004d4                __aeabi_ldiv0
 *(.text*)
 .text.HAL_InitTick
                0x080004d8       0x48 Drivers\STM32F4xx_HAL_Driver\Src\stm32f4xx_hal.o
                0x080004d8                HAL_InitTick
 .text.HAL_Init
                0x08000520       0x34 Drivers\STM32F4xx_HAL_Driver\Src\stm32f4xx_hal.o
                0x08000520                HAL_Init
 .text.HAL_IncTick
                0x08000554       0x18 Drivers\STM32F4xx_HAL_Driver\Src\stm32f4xx_hal.o
                0x08000554                HAL_IncTick
 .text.HAL_GetTick
                0x0800056c        0xc Drivers\STM32F4xx_HAL_Driver\Src\stm32f4xx_hal.o
                0x0800056c                HAL_GetTick
 .text.HAL_Delay
                0x08000578       0x28 Drivers\STM32F4xx_HAL_Driver\Src\stm32f4xx_hal.o
                0x08000578                HAL_Delay
 .text.HAL_NVIC_SetPriorityGrouping
                0x080005a0       0x24 Drivers\STM32F4xx_HAL_Driver\Src\stm32f4xx_hal_cortex.o
                0x080005a0                HAL_NVIC_SetPriorityGrouping
 .text.HAL_NVIC_SetPriority
                0x080005c4       0x68 Drivers\STM32F4xx_HAL_Driver\Src\stm32f4xx_hal_cortex.o
                0x080005c4                HAL_NVIC_SetPriority
 .text.HAL_NVIC_EnableIRQ
                0x0800062c       0x18 Drivers\STM32F4xx_HAL_Driver\Src\stm32f4xx_hal_cortex.o
                0x0800062c                HAL_NVIC_EnableIRQ
 .text.HAL_SYSTICK_Config
                0x08000644       0x2c Drivers\STM32F4xx_HAL_Driver\Src\stm32f4xx_hal_cortex.o
                0x08000644                HAL_SYSTICK_Config
 .text.HAL_SYSTICK_CLKSourceConfig
                0x08000670       0x18 Drivers\STM32F4xx_HAL_Driver\Src\stm32f4xx_hal_cortex.o
                0x08000670                HAL_SYSTICK_CLKSourceConfig
 .text.HAL_SYSTICK_Callback
                0x08000688        0x2 Drivers\STM32F4xx_HAL_Driver\Src\stm32f4xx_hal_cortex.o
                0x08000688                HAL_SYSTICK_Callback
 .text.HAL_SYSTICK_IRQHandler
                0x0800068a        0x8 Drivers\STM32F4xx_HAL_Driver\Src\stm32f4xx_hal_cortex.o
                0x0800068a                HAL_SYSTICK_IRQHandler
 *fill*         0x08000692        0x2 
 .text.DMA_CalcBaseAndBitshift
                0x08000694       0x2c Drivers\STM32F4xx_HAL_Driver\Src\stm32f4xx_hal_dma.o
 .text.HAL_DMA_Init
                0x080006c0       0xfc Drivers\STM32F4xx_HAL_Driver\Src\stm32f4xx_hal_dma.o
                0x080006c0                HAL_DMA_Init
 .text.HAL_DMA_DeInit
                0x080007bc       0x48 Drivers\STM32F4xx_HAL_Driver\Src\stm32f4xx_hal_dma.o
                0x080007bc                HAL_DMA_DeInit
 .text.HAL_DMA_Start_IT
                0x08000804       0x7c Drivers\STM32F4xx_HAL_Driver\Src\stm32f4xx_hal_dma.o
                0x08000804                HAL_DMA_Start_IT
 .text.HAL_DMA_Abort
                0x08000880       0x86 Drivers\STM32F4xx_HAL_Driver\Src\stm32f4xx_hal_dma.o
                0x08000880                HAL_DMA_Abort
 .text.HAL_DMA_Abort_IT
                0x08000906       0x24 Drivers\STM32F4xx_HAL_Driver\Src\stm32f4xx_hal_dma.o
                0x08000906                HAL_DMA_Abort_IT
 *fill*         0x0800092a        0x2 
 .text.HAL_DMA_IRQHandler
                0x0800092c      0x174 Drivers\STM32F4xx_HAL_Driver\Src\stm32f4xx_hal_dma.o
                0x0800092c                HAL_DMA_IRQHandler
 .text.HAL_GPIO_Init
                0x08000aa0      0x1c0 Drivers\STM32F4xx_HAL_Driver\Src\stm32f4xx_hal_gpio.o
                0x08000aa0                HAL_GPIO_Init
 .text.HAL_GPIO_DeInit
                0x08000c60      0x130 Drivers\STM32F4xx_HAL_Driver\Src\stm32f4xx_hal_gpio.o
                0x08000c60                HAL_GPIO_DeInit
 .text.HAL_GPIO_WritePin
                0x08000d90        0xa Drivers\STM32F4xx_HAL_Driver\Src\stm32f4xx_hal_gpio.o
                0x08000d90                HAL_GPIO_WritePin
 .text.HAL_HCD_HC_Init
                0x08000d9a       0x62 Drivers\STM32F4xx_HAL_Driver\Src\stm32f4xx_hal_hcd.o
                0x08000d9a                HAL_HCD_HC_Init
 .text.HAL_HCD_HC_Halt
                0x08000dfc       0x24 Drivers\STM32F4xx_HAL_Driver\Src\stm32f4xx_hal_hcd.o
                0x08000dfc                HAL_HCD_HC_Halt
 .text.HAL_HCD_Init
                0x08000e20       0x78 Drivers\STM32F4xx_HAL_Driver\Src\stm32f4xx_hal_hcd.o
                0x08000e20                HAL_HCD_Init
 .text.HAL_HCD_HC_SubmitRequest
                0x08000e98      0x100 Drivers\STM32F4xx_HAL_Driver\Src\stm32f4xx_hal_hcd.o
                0x08000e98                HAL_HCD_HC_SubmitRequest
 .text.HAL_HCD_IRQHandler
                0x08000f98      0x61c Drivers\STM32F4xx_HAL_Driver\Src\stm32f4xx_hal_hcd.o
                0x08000f98                HAL_HCD_IRQHandler
 .text.HAL_HCD_Start
                0x080015b4       0x2c Drivers\STM32F4xx_HAL_Driver\Src\stm32f4xx_hal_hcd.o
                0x080015b4                HAL_HCD_Start
 .text.HAL_HCD_Stop
                0x080015e0       0x24 Drivers\STM32F4xx_HAL_Driver\Src\stm32f4xx_hal_hcd.o
                0x080015e0                HAL_HCD_Stop
 .text.HAL_HCD_ResetPort
                0x08001604        0x6 Drivers\STM32F4xx_HAL_Driver\Src\stm32f4xx_hal_hcd.o
                0x08001604                HAL_HCD_ResetPort
 .text.HAL_HCD_HC_GetURBState
                0x0800160a        0xc Drivers\STM32F4xx_HAL_Driver\Src\stm32f4xx_hal_hcd.o
                0x0800160a                HAL_HCD_HC_GetURBState
 .text.HAL_HCD_HC_GetXferCount
                0x08001616        0xa Drivers\STM32F4xx_HAL_Driver\Src\stm32f4xx_hal_hcd.o
                0x08001616                HAL_HCD_HC_GetXferCount
 .text.HAL_HCD_GetCurrentFrame
                0x08001620        0x6 Drivers\STM32F4xx_HAL_Driver\Src\stm32f4xx_hal_hcd.o
                0x08001620                HAL_HCD_GetCurrentFrame
 .text.HAL_HCD_GetCurrentSpeed
                0x08001626        0x6 Drivers\STM32F4xx_HAL_Driver\Src\stm32f4xx_hal_hcd.o
                0x08001626                HAL_HCD_GetCurrentSpeed
 .text.I2C_IsAcknowledgeFailed
                0x0800162c       0x2a Drivers\STM32F4xx_HAL_Driver\Src\stm32f4xx_hal_i2c.o
 .text.I2C_WaitOnMasterAddressFlagUntilTimeout
                0x08001656       0x80 Drivers\STM32F4xx_HAL_Driver\Src\stm32f4xx_hal_i2c.o
 .text.I2C_WaitOnFlagUntilTimeout
                0x080016d6       0x5c Drivers\STM32F4xx_HAL_Driver\Src\stm32f4xx_hal_i2c.o
 .text.I2C_WaitOnTXEFlagUntilTimeout
                0x08001732       0x4c Drivers\STM32F4xx_HAL_Driver\Src\stm32f4xx_hal_i2c.o
 *fill*         0x0800177e        0x2 
 .text.I2C_RequestMemoryWrite
                0x08001780       0xa4 Drivers\STM32F4xx_HAL_Driver\Src\stm32f4xx_hal_i2c.o
 .text.I2C_RequestMemoryRead
                0x08001824       0xf4 Drivers\STM32F4xx_HAL_Driver\Src\stm32f4xx_hal_i2c.o
 .text.I2C_WaitOnRXNEFlagUntilTimeout
                0x08001918       0x5a Drivers\STM32F4xx_HAL_Driver\Src\stm32f4xx_hal_i2c.o
 .text.I2C_WaitOnBTFFlagUntilTimeout
                0x08001972       0x4c Drivers\STM32F4xx_HAL_Driver\Src\stm32f4xx_hal_i2c.o
 *fill*         0x080019be        0x2 
 .text.HAL_I2C_Init
                0x080019c0       0xdc Drivers\STM32F4xx_HAL_Driver\Src\stm32f4xx_hal_i2c.o
                0x080019c0                HAL_I2C_Init
 .text.HAL_I2C_DeInit
                0x08001a9c       0x32 Drivers\STM32F4xx_HAL_Driver\Src\stm32f4xx_hal_i2c.o
                0x08001a9c                HAL_I2C_DeInit
 *fill*         0x08001ace        0x2 
 .text.HAL_I2C_Mem_Write
                0x08001ad0      0x12c Drivers\STM32F4xx_HAL_Driver\Src\stm32f4xx_hal_i2c.o
                0x08001ad0                HAL_I2C_Mem_Write
 .text.HAL_I2C_Mem_Read
                0x08001bfc      0x220 Drivers\STM32F4xx_HAL_Driver\Src\stm32f4xx_hal_i2c.o
                0x08001bfc                HAL_I2C_Mem_Read
 .text.HAL_I2C_GetState
                0x08001e1c        0x6 Drivers\STM32F4xx_HAL_Driver\Src\stm32f4xx_hal_i2c.o
                0x08001e1c                HAL_I2C_GetState
 .text.HAL_I2S_MspInit
                0x08001e22        0x2 Drivers\STM32F4xx_HAL_Driver\Src\stm32f4xx_hal_i2s.o
                0x08001e22                HAL_I2S_MspInit
 .text.HAL_I2S_Transmit_DMA
                0x08001e24       0xa4 Drivers\STM32F4xx_HAL_Driver\Src\stm32f4xx_hal_i2s.o
                0x08001e24                HAL_I2S_Transmit_DMA
 .text.HAL_I2S_DMAStop
                0x08001ec8       0xac Drivers\STM32F4xx_HAL_Driver\Src\stm32f4xx_hal_i2s.o
                0x08001ec8                HAL_I2S_DMAStop
 .text.I2S_DMATxHalfCplt
                0x08001f74        0xa Drivers\STM32F4xx_HAL_Driver\Src\stm32f4xx_hal_i2s.o
 .text.I2S_DMATxCplt
                0x08001f7e       0x28 Drivers\STM32F4xx_HAL_Driver\Src\stm32f4xx_hal_i2s.o
 *fill*         0x08001fa6        0x2 
 .text.HAL_I2S_Init
                0x08001fa8      0x120 Drivers\STM32F4xx_HAL_Driver\Src\stm32f4xx_hal_i2s.o
                0x08001fa8                HAL_I2S_Init
 .text.I2S_IRQHandler
                0x080020c8      0x10a Drivers\STM32F4xx_HAL_Driver\Src\stm32f4xx_hal_i2s.o
 .text.I2S_DMAError
                0x080021d2       0x28 Drivers\STM32F4xx_HAL_Driver\Src\stm32f4xx_hal_i2s.o
 .text.HAL_I2S_GetState
                0x080021fa        0x6 Drivers\STM32F4xx_HAL_Driver\Src\stm32f4xx_hal_i2s.o
                0x080021fa                HAL_I2S_GetState
 .text.HAL_I2SEx_TxRxCpltCallback
                0x08002200        0x2 Drivers\STM32F4xx_HAL_Driver\Src\stm32f4xx_hal_i2s_ex.o
                0x08002200                HAL_I2SEx_TxRxCpltCallback
 *fill*         0x08002202        0x2 
 .text.HAL_I2SEx_FullDuplex_IRQHandler
                0x08002204      0x258 Drivers\STM32F4xx_HAL_Driver\Src\stm32f4xx_hal_i2s_ex.o
                0x08002204                HAL_I2SEx_FullDuplex_IRQHandler
 .text.HAL_RCC_OscConfig
                0x0800245c      0x304 Drivers\STM32F4xx_HAL_Driver\Src\stm32f4xx_hal_rcc.o
                0x0800245c                HAL_RCC_OscConfig
 .text.HAL_RCC_GetSysClockFreq
                0x08002760       0x5c Drivers\STM32F4xx_HAL_Driver\Src\stm32f4xx_hal_rcc.o
                0x08002760                HAL_RCC_GetSysClockFreq
 .text.HAL_RCC_ClockConfig
                0x080027bc      0x134 Drivers\STM32F4xx_HAL_Driver\Src\stm32f4xx_hal_rcc.o
                0x080027bc                HAL_RCC_ClockConfig
 .text.HAL_RCC_GetHCLKFreq
                0x080028f0        0xc Drivers\STM32F4xx_HAL_Driver\Src\stm32f4xx_hal_rcc.o
                0x080028f0                HAL_RCC_GetHCLKFreq
 .text.HAL_RCC_GetPCLK1Freq
                0x080028fc       0x20 Drivers\STM32F4xx_HAL_Driver\Src\stm32f4xx_hal_rcc.o
                0x080028fc                HAL_RCC_GetPCLK1Freq
 .text.HAL_RCCEx_PeriphCLKConfig
                0x0800291c      0x130 Drivers\STM32F4xx_HAL_Driver\Src\stm32f4xx_hal_rcc_ex.o
                0x0800291c                HAL_RCCEx_PeriphCLKConfig
 .text.HAL_RCCEx_GetPeriphCLKConfig
                0x08002a4c       0x30 Drivers\STM32F4xx_HAL_Driver\Src\stm32f4xx_hal_rcc_ex.o
                0x08002a4c                HAL_RCCEx_GetPeriphCLKConfig
 .text.HAL_RCCEx_GetPeriphCLKFreq
                0x08002a7c       0x5c Drivers\STM32F4xx_HAL_Driver\Src\stm32f4xx_hal_rcc_ex.o
                0x08002a7c                HAL_RCCEx_GetPeriphCLKFreq
 .text.SPI_WaitFlagStateUntilTimeout
                0x08002ad8       0x8e Drivers\STM32F4xx_HAL_Driver\Src\stm32f4xx_hal_spi.o
 .text.SPI_CheckFlag_BSY
                0x08002b66       0x20 Drivers\STM32F4xx_HAL_Driver\Src\stm32f4xx_hal_spi.o
 .text.HAL_SPI_Init
                0x08002b86       0x7a Drivers\STM32F4xx_HAL_Driver\Src\stm32f4xx_hal_spi.o
                0x08002b86                HAL_SPI_Init
 .text.HAL_SPI_Transmit
                0x08002c00      0x152 Drivers\STM32F4xx_HAL_Driver\Src\stm32f4xx_hal_spi.o
                0x08002c00                HAL_SPI_Transmit
 .text.HAL_SPI_ErrorCallback
                0x08002d52        0x2 Drivers\STM32F4xx_HAL_Driver\Src\stm32f4xx_hal_spi.o
                0x08002d52                HAL_SPI_ErrorCallback
 .text.HAL_SPI_IRQHandler
                0x08002d54       0xe8 Drivers\STM32F4xx_HAL_Driver\Src\stm32f4xx_hal_spi.o
                0x08002d54                HAL_SPI_IRQHandler
 .text.SPI_DMAAbortOnError
                0x08002e3c       0x10 Drivers\STM32F4xx_HAL_Driver\Src\stm32f4xx_hal_spi.o
 .text.USB_CoreInit
                0x08002e4c       0x74 Drivers\STM32F4xx_HAL_Driver\Src\stm32f4xx_ll_usb.o
                0x08002e4c                USB_CoreInit
 .text.USB_EnableGlobalInt
                0x08002ec0        0xc Drivers\STM32F4xx_HAL_Driver\Src\stm32f4xx_ll_usb.o
                0x08002ec0                USB_EnableGlobalInt
 .text.USB_DisableGlobalInt
                0x08002ecc        0xc Drivers\STM32F4xx_HAL_Driver\Src\stm32f4xx_ll_usb.o
                0x08002ecc                USB_DisableGlobalInt
 .text.USB_SetCurrentMode
                0x08002ed8       0x2e Drivers\STM32F4xx_HAL_Driver\Src\stm32f4xx_ll_usb.o
                0x08002ed8                USB_SetCurrentMode
 *fill*         0x08002f06        0x2 
 .text.USB_FlushTxFifo
                0x08002f08       0x24 Drivers\STM32F4xx_HAL_Driver\Src\stm32f4xx_ll_usb.o
                0x08002f08                USB_FlushTxFifo
 .text.USB_FlushRxFifo
                0x08002f2c       0x20 Drivers\STM32F4xx_HAL_Driver\Src\stm32f4xx_ll_usb.o
                0x08002f2c                USB_FlushRxFifo
 .text.USB_WritePacket
                0x08002f4c       0x28 Drivers\STM32F4xx_HAL_Driver\Src\stm32f4xx_ll_usb.o
                0x08002f4c                USB_WritePacket
 .text.USB_ReadPacket
                0x08002f74       0x1c Drivers\STM32F4xx_HAL_Driver\Src\stm32f4xx_ll_usb.o
                0x08002f74                USB_ReadPacket
 .text.USB_ReadInterrupts
                0x08002f90        0x8 Drivers\STM32F4xx_HAL_Driver\Src\stm32f4xx_ll_usb.o
                0x08002f90                USB_ReadInterrupts
 .text.USB_GetMode
                0x08002f98        0x8 Drivers\STM32F4xx_HAL_Driver\Src\stm32f4xx_ll_usb.o
                0x08002f98                USB_GetMode
 .text.USB_CoreReset
                0x08002fa0       0x30 Drivers\STM32F4xx_HAL_Driver\Src\stm32f4xx_ll_usb.o
 .text.USB_HostInit
                0x08002fd0       0xe4 Drivers\STM32F4xx_HAL_Driver\Src\stm32f4xx_ll_usb.o
                0x08002fd0                USB_HostInit
 .text.USB_InitFSLSPClkSel
                0x080030b4       0x3a Drivers\STM32F4xx_HAL_Driver\Src\stm32f4xx_ll_usb.o
                0x080030b4                USB_InitFSLSPClkSel
 .text.USB_ResetPort
                0x080030ee       0x32 Drivers\STM32F4xx_HAL_Driver\Src\stm32f4xx_ll_usb.o
                0x080030ee                USB_ResetPort
 .text.USB_DriveVbus
                0x08003120       0x3c Drivers\STM32F4xx_HAL_Driver\Src\stm32f4xx_ll_usb.o
                0x08003120                USB_DriveVbus
 .text.USB_GetHostSpeed
                0x0800315c       0x12 Drivers\STM32F4xx_HAL_Driver\Src\stm32f4xx_ll_usb.o
                0x0800315c                USB_GetHostSpeed
 .text.USB_GetCurrentFrame
                0x0800316e        0xa Drivers\STM32F4xx_HAL_Driver\Src\stm32f4xx_ll_usb.o
                0x0800316e                USB_GetCurrentFrame
 .text.USB_HC_Init
                0x08003178       0xd8 Drivers\STM32F4xx_HAL_Driver\Src\stm32f4xx_ll_usb.o
                0x08003178                USB_HC_Init
 .text.USB_HC_StartXfer
                0x08003250      0x27c Drivers\STM32F4xx_HAL_Driver\Src\stm32f4xx_ll_usb.o
                0x08003250                USB_HC_StartXfer
 .text.USB_HC_ReadInterrupt
                0x080034cc       0x1e Drivers\STM32F4xx_HAL_Driver\Src\stm32f4xx_ll_usb.o
                0x080034cc                USB_HC_ReadInterrupt
 .text.USB_HC_Halt
                0x080034ea      0x1d2 Drivers\STM32F4xx_HAL_Driver\Src\stm32f4xx_ll_usb.o
                0x080034ea                USB_HC_Halt
 .text.USB_DoPing
                0x080036bc       0x78 Drivers\STM32F4xx_HAL_Driver\Src\stm32f4xx_ll_usb.o
                0x080036bc                USB_DoPing
 .text.USB_StopHost
                0x08003734      0x108 Drivers\STM32F4xx_HAL_Driver\Src\stm32f4xx_ll_usb.o
                0x08003734                USB_StopHost
 .text.USBH_MSC_SOFProcess
                0x0800383c        0x4 Middlewares\ST\STM32_USB_Host_Library\Class\MSC\Src\usbh_msc.o
 .text.USBH_MSC_Process
                0x08003840      0x1c4 Middlewares\ST\STM32_USB_Host_Library\Class\MSC\Src\usbh_msc.o
 .text.USBH_MSC_ClassRequest
                0x08003a04       0x66 Middlewares\ST\STM32_USB_Host_Library\Class\MSC\Src\usbh_msc.o
 .text.USBH_MSC_InterfaceDeInit
                0x08003a6a       0x4c Middlewares\ST\STM32_USB_Host_Library\Class\MSC\Src\usbh_msc.o
 .text.USBH_MSC_InterfaceInit
                0x08003ab6       0xfa Middlewares\ST\STM32_USB_Host_Library\Class\MSC\Src\usbh_msc.o
 .text.USBH_MSC_RdWrProcess
                0x08003bb0       0x76 Middlewares\ST\STM32_USB_Host_Library\Class\MSC\Src\usbh_msc.o
 .text.USBH_MSC_UnitIsReady
                0x08003c26       0x22 Middlewares\ST\STM32_USB_Host_Library\Class\MSC\Src\usbh_msc.o
                0x08003c26                USBH_MSC_UnitIsReady
 .text.USBH_MSC_GetLUNInfo
                0x08003c48       0x30 Middlewares\ST\STM32_USB_Host_Library\Class\MSC\Src\usbh_msc.o
                0x08003c48                USBH_MSC_GetLUNInfo
 .text.USBH_MSC_Read
                0x08003c78       0x86 Middlewares\ST\STM32_USB_Host_Library\Class\MSC\Src\usbh_msc.o
                0x08003c78                USBH_MSC_Read
 .text.USBH_MSC_Write
                0x08003cfe       0x86 Middlewares\ST\STM32_USB_Host_Library\Class\MSC\Src\usbh_msc.o
                0x08003cfe                USBH_MSC_Write
 .text.USBH_MSC_BOT_REQ_Reset
                0x08003d84       0x16 Middlewares\ST\STM32_USB_Host_Library\Class\MSC\Src\usbh_msc_bot.o
                0x08003d84                USBH_MSC_BOT_REQ_Reset
 .text.USBH_MSC_BOT_REQ_GetMaxLUN
                0x08003d9a       0x16 Middlewares\ST\STM32_USB_Host_Library\Class\MSC\Src\usbh_msc_bot.o
                0x08003d9a                USBH_MSC_BOT_REQ_GetMaxLUN
 .text.USBH_MSC_BOT_Init
                0x08003db0       0x24 Middlewares\ST\STM32_USB_Host_Library\Class\MSC\Src\usbh_msc_bot.o
                0x08003db0                USBH_MSC_BOT_Init
 .text.USBH_MSC_BOT_Process
                0x08003dd4      0x1dc Middlewares\ST\STM32_USB_Host_Library\Class\MSC\Src\usbh_msc_bot.o
                0x08003dd4                USBH_MSC_BOT_Process
 .text.USBH_MSC_SCSI_TestUnitReady
                0x08003fb0       0x4c Middlewares\ST\STM32_USB_Host_Library\Class\MSC\Src\usbh_msc_scsi.o
                0x08003fb0                USBH_MSC_SCSI_TestUnitReady
 .text.USBH_MSC_SCSI_ReadCapacity
                0x08003ffc       0x7e Middlewares\ST\STM32_USB_Host_Library\Class\MSC\Src\usbh_msc_scsi.o
                0x08003ffc                USBH_MSC_SCSI_ReadCapacity
 .text.USBH_MSC_SCSI_Inquiry
                0x0800407a       0xd4 Middlewares\ST\STM32_USB_Host_Library\Class\MSC\Src\usbh_msc_scsi.o
                0x0800407a                USBH_MSC_SCSI_Inquiry
 .text.USBH_MSC_SCSI_RequestSense
                0x0800414e       0x92 Middlewares\ST\STM32_USB_Host_Library\Class\MSC\Src\usbh_msc_scsi.o
                0x0800414e                USBH_MSC_SCSI_RequestSense
 .text.USBH_MSC_SCSI_Write
                0x080041e0       0x88 Middlewares\ST\STM32_USB_Host_Library\Class\MSC\Src\usbh_msc_scsi.o
                0x080041e0                USBH_MSC_SCSI_Write
 .text.USBH_MSC_SCSI_Read
                0x08004268       0x8a Middlewares\ST\STM32_USB_Host_Library\Class\MSC\Src\usbh_msc_scsi.o
                0x08004268                USBH_MSC_SCSI_Read
 .text.DeInitStateMachine
                0x080042f2       0x44 Middlewares\ST\STM32_USB_Host_Library\Core\Src\usbh_core.o
 .text.USBH_Init
                0x08004336       0x2e Middlewares\ST\STM32_USB_Host_Library\Core\Src\usbh_core.o
                0x08004336                USBH_Init
 .text.USBH_RegisterClass
                0x08004364       0x1a Middlewares\ST\STM32_USB_Host_Library\Core\Src\usbh_core.o
                0x08004364                USBH_RegisterClass
 .text.USBH_SelectInterface
                0x0800437e       0x12 Middlewares\ST\STM32_USB_Host_Library\Core\Src\usbh_core.o
                0x0800437e                USBH_SelectInterface
 .text.USBH_FindInterface
                0x08004390       0x3a Middlewares\ST\STM32_USB_Host_Library\Core\Src\usbh_core.o
                0x08004390                USBH_FindInterface
 .text.USBH_Start
                0x080043ca       0x14 Middlewares\ST\STM32_USB_Host_Library\Core\Src\usbh_core.o
                0x080043ca                USBH_Start
 .text.USBH_Process
                0x080043de      0x234 Middlewares\ST\STM32_USB_Host_Library\Core\Src\usbh_core.o
                0x080043de                USBH_Process
 .text.USBH_LL_SetTimer
                0x08004612        0x6 Middlewares\ST\STM32_USB_Host_Library\Core\Src\usbh_core.o
                0x08004612                USBH_LL_SetTimer
 .text.USBH_LL_IncTimer
                0x08004618       0x1c Middlewares\ST\STM32_USB_Host_Library\Core\Src\usbh_core.o
                0x08004618                USBH_LL_IncTimer
 .text.USBH_LL_Connect
                0x08004634       0x26 Middlewares\ST\STM32_USB_Host_Library\Core\Src\usbh_core.o
                0x08004634                USBH_LL_Connect
 .text.USBH_LL_Disconnect
                0x0800465a       0x38 Middlewares\ST\STM32_USB_Host_Library\Core\Src\usbh_core.o
                0x0800465a                USBH_LL_Disconnect
 .text.USBH_CtlReq
                0x08004692      0x17a Middlewares\ST\STM32_USB_Host_Library\Core\Src\usbh_ctlreq.o
                0x08004692                USBH_CtlReq
 .text.USBH_GetDescriptor
                0x0800480c       0x38 Middlewares\ST\STM32_USB_Host_Library\Core\Src\usbh_ctlreq.o
                0x0800480c                USBH_GetDescriptor
 .text.USBH_Get_DevDesc
                0x08004844       0xb2 Middlewares\ST\STM32_USB_Host_Library\Core\Src\usbh_ctlreq.o
                0x08004844                USBH_Get_DevDesc
 .text.USBH_Get_CfgDesc
                0x080048f6      0x12e Middlewares\ST\STM32_USB_Host_Library\Core\Src\usbh_ctlreq.o
                0x080048f6                USBH_Get_CfgDesc
 .text.USBH_Get_StringDesc
                0x08004a24       0x4e Middlewares\ST\STM32_USB_Host_Library\Core\Src\usbh_ctlreq.o
                0x08004a24                USBH_Get_StringDesc
 .text.USBH_SetAddress
                0x08004a72       0x1c Middlewares\ST\STM32_USB_Host_Library\Core\Src\usbh_ctlreq.o
                0x08004a72                USBH_SetAddress
 .text.USBH_SetCfg
                0x08004a8e       0x1c Middlewares\ST\STM32_USB_Host_Library\Core\Src\usbh_ctlreq.o
                0x08004a8e                USBH_SetCfg
 .text.USBH_ClrFeature
                0x08004aaa       0x1c Middlewares\ST\STM32_USB_Host_Library\Core\Src\usbh_ctlreq.o
                0x08004aaa                USBH_ClrFeature
 .text.USBH_CtlSendSetup
                0x08004ac6       0x22 Middlewares\ST\STM32_USB_Host_Library\Core\Src\usbh_ioreq.o
                0x08004ac6                USBH_CtlSendSetup
 .text.USBH_CtlSendData
                0x08004ae8       0x2e Middlewares\ST\STM32_USB_Host_Library\Core\Src\usbh_ioreq.o
                0x08004ae8                USBH_CtlSendData
 .text.USBH_CtlReceiveData
                0x08004b16       0x20 Middlewares\ST\STM32_USB_Host_Library\Core\Src\usbh_ioreq.o
                0x08004b16                USBH_CtlReceiveData
 .text.USBH_BulkSendData
                0x08004b36       0x2e Middlewares\ST\STM32_USB_Host_Library\Core\Src\usbh_ioreq.o
                0x08004b36                USBH_BulkSendData
 .text.USBH_BulkReceiveData
                0x08004b64       0x20 Middlewares\ST\STM32_USB_Host_Library\Core\Src\usbh_ioreq.o
                0x08004b64                USBH_BulkReceiveData
 .text.USBH_OpenPipe
                0x08004b84       0x1e Middlewares\ST\STM32_USB_Host_Library\Core\Src\usbh_pipes.o
                0x08004b84                USBH_OpenPipe
 .text.USBH_ClosePipe
                0x08004ba2        0xa Middlewares\ST\STM32_USB_Host_Library\Core\Src\usbh_pipes.o
                0x08004ba2                USBH_ClosePipe
 .text.USBH_AllocPipe
                0x08004bac       0x30 Middlewares\ST\STM32_USB_Host_Library\Core\Src\usbh_pipes.o
                0x08004bac                USBH_AllocPipe
 .text.USBH_FreePipe
                0x08004bdc       0x18 Middlewares\ST\STM32_USB_Host_Library\Core\Src\usbh_pipes.o
                0x08004bdc                USBH_FreePipe
 .text.disk_status
                0x08004bf4       0x14 Middlewares\Third_Party\FatFs\src\diskio.o
                0x08004bf4                disk_status
 .text.disk_initialize
                0x08004c08       0x20 Middlewares\Third_Party\FatFs\src\diskio.o
                0x08004c08                disk_initialize
 .text.disk_read
                0x08004c28       0x1c Middlewares\Third_Party\FatFs\src\diskio.o
                0x08004c28                disk_read
 .text.disk_write
                0x08004c44       0x1c Middlewares\Third_Party\FatFs\src\diskio.o
                0x08004c44                disk_write
 .text.disk_ioctl
                0x08004c60       0x1c Middlewares\Third_Party\FatFs\src\diskio.o
                0x08004c60                disk_ioctl
 .text.ld_dword
                0x08004c7c       0x10 Middlewares\Third_Party\FatFs\src\ff.o
 .text.st_dword
                0x08004c8c       0x10 Middlewares\Third_Party\FatFs\src\ff.o
 .text.mem_set  0x08004c9c        0xc Middlewares\Third_Party\FatFs\src\ff.o
 .text.chk_lock
                0x08004ca8       0x5c Middlewares\Third_Party\FatFs\src\ff.o
 .text.inc_lock
                0x08004d04       0x78 Middlewares\Third_Party\FatFs\src\ff.o
 .text.dec_lock
                0x08004d7c       0x30 Middlewares\Third_Party\FatFs\src\ff.o
 .text.clust2sect
                0x08004dac       0x16 Middlewares\Third_Party\FatFs\src\ff.o
 .text.clmt_clust
                0x08004dc2       0x28 Middlewares\Third_Party\FatFs\src\ff.o
 .text.sum_sfn  0x08004dea       0x1e Middlewares\Third_Party\FatFs\src\ff.o
 .text.get_ldnumber
                0x08004e08       0x30 Middlewares\Third_Party\FatFs\src\ff.o
 .text.validate
                0x08004e38       0x36 Middlewares\Third_Party\FatFs\src\ff.o
 .text.mem_cpy.part.0
                0x08004e6e       0x12 Middlewares\Third_Party\FatFs\src\ff.o
 .text.ld_clust.isra.1
                0x08004e80       0x1c Middlewares\Third_Party\FatFs\src\ff.o
 .text.st_clust.isra.2
                0x08004e9c       0x18 Middlewares\Third_Party\FatFs\src\ff.o
 .text.sync_window.part.3
                0x08004eb4       0x46 Middlewares\Third_Party\FatFs\src\ff.o
 .text.sync_window
                0x08004efa        0xc Middlewares\Third_Party\FatFs\src\ff.o
 .text.sync_fs  0x08004f06       0x94 Middlewares\Third_Party\FatFs\src\ff.o
 .text.move_window
                0x08004f9a       0x36 Middlewares\Third_Party\FatFs\src\ff.o
 .text.check_fs
                0x08004fd0       0x80 Middlewares\Third_Party\FatFs\src\ff.o
 .text.find_volume
                0x08005050      0x2f8 Middlewares\Third_Party\FatFs\src\ff.o
 .text.put_fat  0x08005348      0x128 Middlewares\Third_Party\FatFs\src\ff.o
 .text.get_fat.isra.7
                0x08005470       0xe0 Middlewares\Third_Party\FatFs\src\ff.o
 .text.dir_sdi  0x08005550       0x8a Middlewares\Third_Party\FatFs\src\ff.o
 .text.create_chain
                0x080055da       0xb0 Middlewares\Third_Party\FatFs\src\ff.o
 .text.remove_chain
                0x0800568a       0x6c Middlewares\Third_Party\FatFs\src\ff.o
 .text.dir_next
                0x080056f6      0x100 Middlewares\Third_Party\FatFs\src\ff.o
 .text.dir_remove
                0x080057f6       0x4e Middlewares\Third_Party\FatFs\src\ff.o
 .text.dir_find
                0x08005844      0x16c Middlewares\Third_Party\FatFs\src\ff.o
 .text.dir_register
                0x080059b0      0x26c Middlewares\Third_Party\FatFs\src\ff.o
 .text.dir_read.constprop.9
                0x08005c1c      0x124 Middlewares\Third_Party\FatFs\src\ff.o
 .text.follow_path
                0x08005d40      0x27c Middlewares\Third_Party\FatFs\src\ff.o
 .text.f_mount  0x08005fbc       0x68 Middlewares\Third_Party\FatFs\src\ff.o
                0x08005fbc                f_mount
 .text.f_open   0x08006024      0x250 Middlewares\Third_Party\FatFs\src\ff.o
                0x08006024                f_open
 .text.f_read   0x08006274      0x17e Middlewares\Third_Party\FatFs\src\ff.o
                0x08006274                f_read
 .text.f_sync   0x080063f2       0x90 Middlewares\Third_Party\FatFs\src\ff.o
                0x080063f2                f_sync
 .text.f_close  0x08006482       0x22 Middlewares\Third_Party\FatFs\src\ff.o
                0x08006482                f_close
 .text.f_lseek  0x080064a4      0x252 Middlewares\Third_Party\FatFs\src\ff.o
                0x080064a4                f_lseek
 .text.f_opendir
                0x080066f6       0xa6 Middlewares\Third_Party\FatFs\src\ff.o
                0x080066f6                f_opendir
 .text.f_unlink
                0x0800679c       0xcc Middlewares\Third_Party\FatFs\src\ff.o
                0x0800679c                f_unlink
 .text.FATFS_LinkDriverEx
                0x08006868       0x44 Middlewares\Third_Party\FatFs\src\ff_gen_drv.o
                0x08006868                FATFS_LinkDriverEx
 .text.FATFS_LinkDriver
                0x080068ac        0x6 Middlewares\Third_Party\FatFs\src\ff_gen_drv.o
                0x080068ac                FATFS_LinkDriver
 *fill*         0x080068b2        0x2 
 .text.ff_convert
                0x080068b4       0x3c Middlewares\Third_Party\FatFs\src\option\ccsbcs.o
                0x080068b4                ff_convert
 .text.ff_wtoupper
                0x080068f0       0x84 Middlewares\Third_Party\FatFs\src\option\ccsbcs.o
                0x080068f0                ff_wtoupper
 .text.ff_memalloc
                0x08006974        0x4 Middlewares\Third_Party\FatFs\src\option\syscall.o
                0x08006974                ff_memalloc
 .text.ff_memfree
                0x08006978        0x4 Middlewares\Third_Party\FatFs\src\option\syscall.o
                0x08006978                ff_memfree
 .text.cs43l22_SetFrequency
                0x0800697c        0x4 Src\cs43l22.o
                0x0800697c                cs43l22_SetFrequency
 .text.cs43l22_Reset
                0x08006980        0x4 Src\cs43l22.o
                0x08006980                cs43l22_Reset
 .text.cs43l22_SetVolume
                0x08006984       0x34 Src\cs43l22.o
                0x08006984                cs43l22_SetVolume
 .text.cs43l22_Init
                0x080069b8       0xc8 Src\cs43l22.o
                0x080069b8                cs43l22_Init
 .text.cs43l22_DeInit
                0x08006a80        0x4 Src\cs43l22.o
                0x08006a80                cs43l22_DeInit
 .text.cs43l22_ReadID
                0x08006a84       0x16 Src\cs43l22.o
                0x08006a84                cs43l22_ReadID
 .text.cs43l22_SetMute.part.0
                0x08006a9a       0x26 Src\cs43l22.o
 .text.cs43l22_SetMute
                0x08006ac0       0x38 Src\cs43l22.o
                0x08006ac0                cs43l22_SetMute
 .text.cs43l22_Resume
                0x08006af8       0x44 Src\cs43l22.o
                0x08006af8                cs43l22_Resume
 .text.cs43l22_Stop
                0x08006b3c       0x2c Src\cs43l22.o
                0x08006b3c                cs43l22_Stop
 .text.cs43l22_Pause
                0x08006b68       0x16 Src\cs43l22.o
                0x08006b68                cs43l22_Pause
 *fill*         0x08006b7e        0x2 
 .text.cs43l22_Play
                0x08006b80       0x3c Src\cs43l22.o
                0x08006b80                cs43l22_Play
 .text.cs43l22_SetOutputMode
                0x08006bbc       0x4c Src\cs43l22.o
                0x08006bbc                cs43l22_SetOutputMode
 .text.MX_DMA_Init
                0x08006c08       0x44 Src\dma.o
                0x08006c08                MX_DMA_Init
 .text.MX_FATFS_Init
                0x08006c4c       0x1c Src\fatfs.o
                0x08006c4c                MX_FATFS_Init
 .text.get_fattime
                0x08006c68        0x4 Src\fatfs.o
                0x08006c68                get_fattime
 .text.MX_GPIO_Init
                0x08006c6c      0x1a4 Src\gpio.o
                0x08006c6c                MX_GPIO_Init
 .text.MX_I2C1_Init
                0x08006e10       0x48 Src\i2c.o
                0x08006e10                MX_I2C1_Init
 .text.HAL_I2C_MspInit
                0x08006e58       0x54 Src\i2c.o
                0x08006e58                HAL_I2C_MspInit
 .text.HAL_I2C_MspDeInit
                0x08006eac       0x2c Src\i2c.o
                0x08006eac                HAL_I2C_MspDeInit
 .text.SystemClock_Config
                0x08006ed8       0xc4 Src\main.o
                0x08006ed8                SystemClock_Config
 .text.USB_UserInit
                0x08006f9c       0x48 Src\main.o
                0x08006f9c                USB_UserInit
 .text.startup.main
                0x08006fe4       0xb8 Src\main.o
                0x08006fe4                main
 .text._Error_Handler
                0x0800709c        0x2 Src\main.o
                0x0800709c                _Error_Handler
 *fill*         0x0800709e        0x2 
 .text.MX_SPI1_Init
                0x080070a0       0x4c Src\spi.o
                0x080070a0                MX_SPI1_Init
 .text.MX_SPI2_Init
                0x080070ec       0x4c Src\spi.o
                0x080070ec                MX_SPI2_Init
 .text.HAL_SPI_MspInit
                0x08007138       0xf8 Src\spi.o
                0x08007138                HAL_SPI_MspInit
 .text.ssd1306_WriteCommand
                0x08007230       0x2c Src\ssd1306.o
                0x08007230                ssd1306_WriteCommand
 .text.ssd1306_WriteData
                0x0800725c       0x2c Src\ssd1306.o
                0x0800725c                ssd1306_WriteData
 .text.ssd1306_UpdateScreen
                0x08007288       0x34 Src\ssd1306.o
                0x08007288                ssd1306_UpdateScreen
 .text.ssd1306_Fill
                0x080072bc       0x20 Src\ssd1306.o
                0x080072bc                ssd1306_Fill
 .text.ssd1306_Init
                0x080072dc       0xec Src\ssd1306.o
                0x080072dc                ssd1306_Init
 .text.ssd1306_DrawPixel
                0x080073c8       0x48 Src\ssd1306.o
                0x080073c8                ssd1306_DrawPixel
 .text.ssd1306_WriteChar
                0x08007410       0x9c Src\ssd1306.o
                0x08007410                ssd1306_WriteChar
 .text.ssd1306_WriteString
                0x080074ac       0x2a Src\ssd1306.o
                0x080074ac                ssd1306_WriteString
 *fill*         0x080074d6        0x2 
 .text.ssd1306_SetCursor
                0x080074d8        0xc Src\ssd1306.o
                0x080074d8                ssd1306_SetCursor
 .text.ssd1306_DrawBitmap
                0x080074e4       0x54 Src\ssd1306.o
                0x080074e4                ssd1306_DrawBitmap
 .text.I2Cx_Init
                0x08007538       0xbc Src\stm32f4_discovery.o
 .text.AUDIO_IO_Init
                0x080075f4       0x64 Src\stm32f4_discovery.o
                0x080075f4                AUDIO_IO_Init
 .text.AUDIO_IO_DeInit
                0x08007658        0x2 Src\stm32f4_discovery.o
                0x08007658                AUDIO_IO_DeInit
 *fill*         0x0800765a        0x2 
 .text.AUDIO_IO_Write
                0x0800765c       0x38 Src\stm32f4_discovery.o
                0x0800765c                AUDIO_IO_Write
 .text.AUDIO_IO_Read
                0x08007694       0x40 Src\stm32f4_discovery.o
                0x08007694                AUDIO_IO_Read
 .text.I2S3_Init
                0x080076d4       0x40 Src\stm32f4_discovery_audio.o
 .text.BSP_AUDIO_OUT_Play
                0x08007714       0x3c Src\stm32f4_discovery_audio.o
                0x08007714                BSP_AUDIO_OUT_Play
 .text.BSP_AUDIO_OUT_Stop
                0x08007750       0x44 Src\stm32f4_discovery_audio.o
                0x08007750                BSP_AUDIO_OUT_Stop
 .text.BSP_AUDIO_OUT_ChangeBuffer
                0x08007794       0x10 Src\stm32f4_discovery_audio.o
                0x08007794                BSP_AUDIO_OUT_ChangeBuffer
 .text.BSP_AUDIO_OUT_ClockConfig
                0x080077a4       0x5c Src\stm32f4_discovery_audio.o
                0x080077a4                BSP_AUDIO_OUT_ClockConfig
 .text.BSP_AUDIO_OUT_MspInit
                0x08007800      0x118 Src\stm32f4_discovery_audio.o
                0x08007800                BSP_AUDIO_OUT_MspInit
 .text.BSP_AUDIO_OUT_Init
                0x08007918       0x70 Src\stm32f4_discovery_audio.o
                0x08007918                BSP_AUDIO_OUT_Init
 .text.HAL_I2S_TxCpltCallback
                0x08007988       0x14 Src\stm32f4_discovery_audio.o
                0x08007988                HAL_I2S_TxCpltCallback
 .text.HAL_I2S_TxHalfCpltCallback
                0x0800799c       0x14 Src\stm32f4_discovery_audio.o
                0x0800799c                HAL_I2S_TxHalfCpltCallback
 .text.BSP_AUDIO_IN_TransferComplete_CallBack
                0x080079b0        0x2 Src\stm32f4_discovery_audio.o
                0x080079b0                BSP_AUDIO_IN_TransferComplete_CallBack
 .text.HAL_I2S_RxCpltCallback
                0x080079b2        0x8 Src\stm32f4_discovery_audio.o
                0x080079b2                HAL_I2S_RxCpltCallback
 .text.BSP_AUDIO_IN_Error_Callback
                0x080079ba        0x2 Src\stm32f4_discovery_audio.o
                0x080079ba                BSP_AUDIO_IN_Error_Callback
 .text.HAL_I2S_ErrorCallback
                0x080079bc       0x28 Src\stm32f4_discovery_audio.o
                0x080079bc                HAL_I2S_ErrorCallback
 .text.HAL_MspInit
                0x080079e4       0x90 Src\stm32f4xx_hal_msp.o
                0x080079e4                HAL_MspInit
 .text.SysTick_Handler
                0x08007a74        0xe Src\stm32f4xx_it.o
                0x08007a74                SysTick_Handler
 *fill*         0x08007a82        0x2 
 .text.DMA1_Stream4_IRQHandler
                0x08007a84        0xc Src\stm32f4xx_it.o
                0x08007a84                DMA1_Stream4_IRQHandler
 .text.SPI2_IRQHandler
                0x08007a90        0xc Src\stm32f4xx_it.o
                0x08007a90                SPI2_IRQHandler
 .text.DMA1_Stream7_IRQHandler
                0x08007a9c        0xc Src\stm32f4xx_it.o
                0x08007a9c                DMA1_Stream7_IRQHandler
 .text.OTG_FS_IRQHandler
                0x08007aa8        0xc Src\stm32f4xx_it.o
                0x08007aa8                OTG_FS_IRQHandler
 .text.SystemInit
                0x08007ab4       0x4c Src\system_stm32f4xx.o
                0x08007ab4                SystemInit
 .text.USBH_UserProcess
                0x08007b00       0x24 Src\usb_host.o
 .text.MX_USB_HOST_Init
                0x08007b24       0x2c Src\usb_host.o
                0x08007b24                MX_USB_HOST_Init
 .text.MX_USB_HOST_Process
                0x08007b50        0xc Src\usb_host.o
                0x08007b50                MX_USB_HOST_Process
 .text.HAL_HCD_MspInit
                0x08007b5c       0x74 Src\usbh_conf.o
                0x08007b5c                HAL_HCD_MspInit
 .text.HAL_HCD_SOF_Callback
                0x08007bd0        0x8 Src\usbh_conf.o
                0x08007bd0                HAL_HCD_SOF_Callback
 .text.HAL_HCD_Connect_Callback
                0x08007bd8        0x8 Src\usbh_conf.o
                0x08007bd8                HAL_HCD_Connect_Callback
 .text.HAL_HCD_Disconnect_Callback
                0x08007be0        0x8 Src\usbh_conf.o
                0x08007be0                HAL_HCD_Disconnect_Callback
 .text.HAL_HCD_HC_NotifyURBChange_Callback
                0x08007be8        0x2 Src\usbh_conf.o
                0x08007be8                HAL_HCD_HC_NotifyURBChange_Callback
 *fill*         0x08007bea        0x2 
 .text.USBH_LL_Init
                0x08007bec       0x58 Src\usbh_conf.o
                0x08007bec                USBH_LL_Init
 .text.USBH_LL_Start
                0x08007c44       0x1c Src\usbh_conf.o
                0x08007c44                USBH_LL_Start
 .text.USBH_LL_Stop
                0x08007c60       0x1c Src\usbh_conf.o
                0x08007c60                USBH_LL_Stop
 .text.USBH_LL_GetSpeed
                0x08007c7c       0x1c Src\usbh_conf.o
                0x08007c7c                USBH_LL_GetSpeed
 .text.USBH_LL_ResetPort
                0x08007c98       0x1c Src\usbh_conf.o
                0x08007c98                USBH_LL_ResetPort
 .text.USBH_LL_GetLastXferSize
                0x08007cb4        0x8 Src\usbh_conf.o
                0x08007cb4                USBH_LL_GetLastXferSize
 .text.USBH_LL_OpenPipe
                0x08007cbc       0x30 Src\usbh_conf.o
                0x08007cbc                USBH_LL_OpenPipe
 .text.USBH_LL_ClosePipe
                0x08007cec       0x1c Src\usbh_conf.o
                0x08007cec                USBH_LL_ClosePipe
 .text.USBH_LL_SubmitURB
                0x08007d08       0x34 Src\usbh_conf.o
                0x08007d08                USBH_LL_SubmitURB
 .text.USBH_LL_GetURBState
                0x08007d3c        0x8 Src\usbh_conf.o
                0x08007d3c                USBH_LL_GetURBState
 .text.USBH_LL_DriverVBUS
                0x08007d44       0x1a Src\usbh_conf.o
                0x08007d44                USBH_LL_DriverVBUS
 .text.USBH_LL_SetToggle
                0x08007d5e       0x1e Src\usbh_conf.o
                0x08007d5e                USBH_LL_SetToggle
 .text.USBH_LL_GetToggle
                0x08007d7c       0x1c Src\usbh_conf.o
                0x08007d7c                USBH_LL_GetToggle
 .text.USBH_Delay
                0x08007d98        0x4 Src\usbh_conf.o
                0x08007d98                USBH_Delay
 .text.USBH_initialize
                0x08007d9c        0x4 Src\usbh_diskio.o
                0x08007d9c                USBH_initialize
 .text.USBH_status
                0x08007da0       0x18 Src\usbh_diskio.o
                0x08007da0                USBH_status
 .text.USBH_read
                0x08007db8       0x3c Src\usbh_diskio.o
                0x08007db8                USBH_read
 .text.USBH_ioctl
                0x08007df4       0x60 Src\usbh_diskio.o
                0x08007df4                USBH_ioctl
 .text.USBH_write
                0x08007e54       0x48 Src\usbh_diskio.o
                0x08007e54                USBH_write
 .text.MX_DriverVbusFS
                0x08007e9c       0x14 Src\usbh_platform.o
                0x08007e9c                MX_DriverVbusFS
 .text.WavePlayerStop
                0x08007eb0        0x6 Src\waveplayer.o
                0x08007eb0                WavePlayerStop
 *fill*         0x08007eb6        0x2 
 .text.WavePlayerInit
                0x08007eb8       0x14 Src\waveplayer.o
                0x08007eb8                WavePlayerInit
 .text.WavePlayBack
                0x08007ecc       0xe0 Src\waveplayer.o
                0x08007ecc                WavePlayBack
 .text.WavePlayerStart
                0x08007fac       0xac Src\waveplayer.o
                0x08007fac                WavePlayerStart
 .text.BSP_AUDIO_OUT_HalfTransfer_CallBack
                0x08008058        0xc Src\waveplayer.o
                0x08008058                BSP_AUDIO_OUT_HalfTransfer_CallBack
 .text.BSP_AUDIO_OUT_TransferComplete_CallBack
                0x08008064       0x18 Src\waveplayer.o
                0x08008064                BSP_AUDIO_OUT_TransferComplete_CallBack
 .text.BSP_AUDIO_OUT_Error_CallBack
                0x0800807c        0x2 Src\waveplayer.o
                0x0800807c                BSP_AUDIO_OUT_Error_CallBack
 *fill*         0x0800807e        0x2 
 .text.Reset_Handler
                0x08008080       0x50 startup\startup_stm32f407xx.o
                0x08008080                Reset_Handler
 .text.Default_Handler
                0x080080d0        0x2 startup\startup_stm32f407xx.o
                0x080080d0                RTC_Alarm_IRQHandler
                0x080080d0                HASH_RNG_IRQHandler
                0x080080d0                EXTI2_IRQHandler
                0x080080d0                TIM8_CC_IRQHandler
                0x080080d0                DebugMon_Handler
                0x080080d0                TIM1_CC_IRQHandler
                0x080080d0                DMA2_Stream5_IRQHandler
                0x080080d0                HardFault_Handler
                0x080080d0                DMA1_Stream5_IRQHandler
                0x080080d0                PVD_IRQHandler
                0x080080d0                SDIO_IRQHandler
                0x080080d0                TAMP_STAMP_IRQHandler
                0x080080d0                PendSV_Handler
                0x080080d0                NMI_Handler
                0x080080d0                CAN2_RX1_IRQHandler
                0x080080d0                EXTI3_IRQHandler
                0x080080d0                TIM8_TRG_COM_TIM14_IRQHandler
                0x080080d0                TIM1_UP_TIM10_IRQHandler
                0x080080d0                TIM8_UP_TIM13_IRQHandler
                0x080080d0                I2C3_ER_IRQHandler
                0x080080d0                EXTI0_IRQHandler
                0x080080d0                I2C2_EV_IRQHandler
                0x080080d0                DMA1_Stream2_IRQHandler
                0x080080d0                CAN1_RX0_IRQHandler
                0x080080d0                FPU_IRQHandler
                0x080080d0                OTG_HS_WKUP_IRQHandler
                0x080080d0                UsageFault_Handler
                0x080080d0                CAN2_SCE_IRQHandler
                0x080080d0                DMA2_Stream2_IRQHandler
                0x080080d0                SPI1_IRQHandler
                0x080080d0                TIM6_DAC_IRQHandler
                0x080080d0                TIM1_BRK_TIM9_IRQHandler
                0x080080d0                DCMI_IRQHandler
                0x080080d0                CAN2_RX0_IRQHandler
                0x080080d0                DMA2_Stream3_IRQHandler
                0x080080d0                USART6_IRQHandler
                0x080080d0                USART3_IRQHandler
                0x080080d0                CAN1_RX1_IRQHandler
                0x080080d0                UART5_IRQHandler
                0x080080d0                DMA2_Stream0_IRQHandler
                0x080080d0                TIM4_IRQHandler
                0x080080d0                I2C1_EV_IRQHandler
                0x080080d0                DMA1_Stream6_IRQHandler
                0x080080d0                DMA1_Stream1_IRQHandler
                0x080080d0                UART4_IRQHandler
                0x080080d0                TIM3_IRQHandler
                0x080080d0                RCC_IRQHandler
                0x080080d0                TIM8_BRK_TIM12_IRQHandler
                0x080080d0                Default_Handler
                0x080080d0                EXTI15_10_IRQHandler
                0x080080d0                ADC_IRQHandler
                0x080080d0                TIM7_IRQHandler
                0x080080d0                CAN2_TX_IRQHandler
                0x080080d0                TIM5_IRQHandler
                0x080080d0                DMA2_Stream7_IRQHandler
                0x080080d0                I2C3_EV_IRQHandler
                0x080080d0                EXTI9_5_IRQHandler
                0x080080d0                RTC_WKUP_IRQHandler
                0x080080d0                ETH_WKUP_IRQHandler
                0x080080d0                OTG_HS_EP1_IN_IRQHandler
                0x080080d0                MemManage_Handler
                0x080080d0                DMA1_Stream0_IRQHandler
                0x080080d0                CAN1_TX_IRQHandler
                0x080080d0                SVC_Handler
                0x080080d0                EXTI4_IRQHandler
                0x080080d0                FSMC_IRQHandler
                0x080080d0                ETH_IRQHandler
                0x080080d0                OTG_HS_EP1_OUT_IRQHandler
                0x080080d0                WWDG_IRQHandler
                0x080080d0                TIM2_IRQHandler
                0x080080d0                OTG_FS_WKUP_IRQHandler
                0x080080d0                TIM1_TRG_COM_TIM11_IRQHandler
                0x080080d0                OTG_HS_IRQHandler
                0x080080d0                EXTI1_IRQHandler
                0x080080d0                USART2_IRQHandler
                0x080080d0                I2C2_ER_IRQHandler
                0x080080d0                DMA2_Stream1_IRQHandler
                0x080080d0                CAN1_SCE_IRQHandler
                0x080080d0                FLASH_IRQHandler
                0x080080d0                DMA2_Stream4_IRQHandler
                0x080080d0                BusFault_Handler
                0x080080d0                USART1_IRQHandler
                0x080080d0                SPI3_IRQHandler
                0x080080d0                I2C1_ER_IRQHandler
                0x080080d0                DMA2_Stream6_IRQHandler
                0x080080d0                DMA1_Stream3_IRQHandler
 *fill*         0x080080d2        0x2 
 .text.__libc_init_array
                0x080080d4       0x48 c:/program files (x86)/atollic/truestudio for stm32 9.0.1/armtools/bin/../lib/gcc/arm-atollic-eabi/6.3.1/../../../../arm-atollic-eabi/lib/armv7e-m/fpu\libc_nano.a(lib_a-init.o)
                0x080080d4                __libc_init_array
 .text.malloc   0x0800811c       0x10 c:/program files (x86)/atollic/truestudio for stm32 9.0.1/armtools/bin/../lib/gcc/arm-atollic-eabi/6.3.1/../../../../arm-atollic-eabi/lib/armv7e-m/fpu\libc_nano.a(lib_a-malloc.o)
                0x0800811c                malloc
 .text.free     0x0800812c       0x10 c:/program files (x86)/atollic/truestudio for stm32 9.0.1/armtools/bin/../lib/gcc/arm-atollic-eabi/6.3.1/../../../../arm-atollic-eabi/lib/armv7e-m/fpu\libc_nano.a(lib_a-malloc.o)
                0x0800812c                free
 .text.memset   0x0800813c       0x10 c:/program files (x86)/atollic/truestudio for stm32 9.0.1/armtools/bin/../lib/gcc/arm-atollic-eabi/6.3.1/../../../../arm-atollic-eabi/lib/armv7e-m/fpu\libc_nano.a(lib_a-memset.o)
                0x0800813c                memset
 .text._free_r  0x0800814c       0x9c c:/program files (x86)/atollic/truestudio for stm32 9.0.1/armtools/bin/../lib/gcc/arm-atollic-eabi/6.3.1/../../../../arm-atollic-eabi/lib/armv7e-m/fpu\libc_nano.a(lib_a-nano-freer.o)
                0x0800814c                _free_r
 .text._malloc_r
                0x080081e8       0xbc c:/program files (x86)/atollic/truestudio for stm32 9.0.1/armtools/bin/../lib/gcc/arm-atollic-eabi/6.3.1/../../../../arm-atollic-eabi/lib/armv7e-m/fpu\libc_nano.a(lib_a-nano-mallocr.o)
                0x080081e8                _malloc_r
 .text._sbrk_r  0x080082a4       0x20 c:/program files (x86)/atollic/truestudio for stm32 9.0.1/armtools/bin/../lib/gcc/arm-atollic-eabi/6.3.1/../../../../arm-atollic-eabi/lib/armv7e-m/fpu\libc_nano.a(lib_a-sbrkr.o)
                0x080082a4                _sbrk_r
 .text.__malloc_lock
                0x080082c4        0x2 c:/program files (x86)/atollic/truestudio for stm32 9.0.1/armtools/bin/../lib/gcc/arm-atollic-eabi/6.3.1/../../../../arm-atollic-eabi/lib/armv7e-m/fpu\libc_nano.a(lib_a-mlock.o)
                0x080082c4                __malloc_lock
 .text.__malloc_unlock
                0x080082c6        0x2 c:/program files (x86)/atollic/truestudio for stm32 9.0.1/armtools/bin/../lib/gcc/arm-atollic-eabi/6.3.1/../../../../arm-atollic-eabi/lib/armv7e-m/fpu\libc_nano.a(lib_a-mlock.o)
                0x080082c6                __malloc_unlock
 .text._sbrk    0x080082c8       0x1c c:/program files (x86)/atollic/truestudio for stm32 9.0.1/armtools/bin/../lib/gcc/arm-atollic-eabi/6.3.1/../../../../arm-atollic-eabi/lib/armv7e-m/fpu\libnosys.a(sbrk.o)
                0x080082c8                _sbrk
 *(.glue_7)
 .glue_7        0x080082e4        0x0 linker stubs
 *(.glue_7t)
 .glue_7t       0x080082e4        0x0 linker stubs
 *(.eh_frame)
 .eh_frame      0x080082e4        0x0 c:/program files (x86)/atollic/truestudio for stm32 9.0.1/armtools/bin/../lib/gcc/arm-atollic-eabi/6.3.1/armv7e-m/fpu/crtbegin.o
 *(.init)
 .init          0x080082e4        0x4 c:/program files (x86)/atollic/truestudio for stm32 9.0.1/armtools/bin/../lib/gcc/arm-atollic-eabi/6.3.1/armv7e-m/fpu/crti.o
                0x080082e4                _init
 .init          0x080082e8        0x8 c:/program files (x86)/atollic/truestudio for stm32 9.0.1/armtools/bin/../lib/gcc/arm-atollic-eabi/6.3.1/armv7e-m/fpu/crtn.o
 *(.fini)
 .fini          0x080082f0        0x4 c:/program files (x86)/atollic/truestudio for stm32 9.0.1/armtools/bin/../lib/gcc/arm-atollic-eabi/6.3.1/armv7e-m/fpu/crti.o
                0x080082f0                _fini
 .fini          0x080082f4        0x8 c:/program files (x86)/atollic/truestudio for stm32 9.0.1/armtools/bin/../lib/gcc/arm-atollic-eabi/6.3.1/armv7e-m/fpu/crtn.o
                0x080082fc                . = ALIGN (0x4)
                0x080082fc                _etext = .

.vfp11_veneer   0x080082fc        0x0
 .vfp11_veneer  0x080082fc        0x0 linker stubs

.v4_bx          0x080082fc        0x0
 .v4_bx         0x080082fc        0x0 linker stubs

.iplt           0x080082fc        0x0
 .iplt          0x080082fc        0x0 c:/program files (x86)/atollic/truestudio for stm32 9.0.1/armtools/bin/../lib/gcc/arm-atollic-eabi/6.3.1/armv7e-m/fpu/crtbegin.o

.rodata         0x080082fc     0x10f8
                0x080082fc                . = ALIGN (0x4)
 *(.rodata)
 *(.rodata*)
 .rodata.flagBitshiftOffset.8972
                0x080082fc        0x8 Drivers\STM32F4xx_HAL_Driver\Src\stm32f4xx_hal_dma.o
 .rodata.str1.1
                0x08008304        0x4 Middlewares\ST\STM32_USB_Host_Library\Class\MSC\Src\usbh_msc.o
 .rodata.ExCvt  0x08008308       0x80 Middlewares\Third_Party\FatFs\src\ff.o
 .rodata.LfnOfs
                0x08008388        0xd Middlewares\Third_Party\FatFs\src\ff.o
 .rodata.follow_path.str1.1
                0x08008395       0x10 Middlewares\Third_Party\FatFs\src\ff.o
 *fill*         0x080083a5        0x1 
 .rodata.Tbl    0x080083a6      0x100 Middlewares\Third_Party\FatFs\src\option\ccsbcs.o
 .rodata.cvt1.10249
                0x080084a6      0x1f2 Middlewares\Third_Party\FatFs\src\option\ccsbcs.o
 .rodata.cvt2.10250
                0x08008698       0xbc Middlewares\Third_Party\FatFs\src\option\ccsbcs.o
 .rodata.MX_I2C1_Init.str1.1
                0x08008754        0xd Src\i2c.o
 .rodata.USB_UserInit.str1.1
                0x08008761        0x9 Src\main.o
 .rodata.main.str1.1
                0x0800876a       0x1b Src\main.o
 .rodata.title  0x08008785      0x400 Src\main.o
 .rodata.MX_SPI1_Init.str1.1
                0x08008b85        0xd Src\spi.o
 .rodata.Font7x10
                0x08008b92      0x76c Src\ssd1306_fonts.o
 *fill*         0x080092fe        0x2 
 .rodata.I2SFreq
                0x08009300       0x20 Src\stm32f4_discovery_audio.o
                0x08009300                I2SFreq
 .rodata.I2SPLLN
                0x08009320       0x20 Src\stm32f4_discovery_audio.o
                0x08009320                I2SPLLN
 .rodata.I2SPLLR
                0x08009340       0x20 Src\stm32f4_discovery_audio.o
                0x08009340                I2SPLLR
 .rodata.AHBPrescTable
                0x08009360       0x10 Src\system_stm32f4xx.o
                0x08009360                AHBPrescTable
 .rodata.APBPrescTable
                0x08009370        0x8 Src\system_stm32f4xx.o
                0x08009370                APBPrescTable
 .rodata.CSWTCH.16
                0x08009378        0x3 Src\usbh_conf.o
 .rodata.CSWTCH.25
                0x0800937b        0x4 Src\usbh_conf.o
 .rodata.USBH_LL_Init.str1.1
                0x0800937f       0x13 Src\usbh_conf.o
 *fill*         0x08009392        0x2 
 .rodata.USBH_Driver
                0x08009394       0x14 Src\usbh_diskio.o
                0x08009394                USBH_Driver
 .rodata.WavePlayBack.str1.1
                0x080093a8       0x14 Src\waveplayer.o
 .rodata.WavePlayerStart.str1.1
                0x080093bc        0xd Src\waveplayer.o
 .rodata.str1.1
                0x080093c9       0x28 Src\waveplayer.o
                0x080093f4                . = ALIGN (0x4)
 *fill*         0x080093f1        0x3 

.ARM.extab
 *(.ARM.extab* .gnu.linkonce.armextab.*)

.ARM            0x080093f4        0x8
                0x080093f4                __exidx_start = .
 *(.ARM.exidx*)
 .ARM.exidx     0x080093f4        0x8 c:/program files (x86)/atollic/truestudio for stm32 9.0.1/armtools/bin/../lib/gcc/arm-atollic-eabi/6.3.1/armv7e-m/fpu\libgcc.a(_udivmoddi4.o)
                0x080093fc                __exidx_end = .

.rel.dyn        0x080093fc        0x0
 .rel.iplt      0x080093fc        0x0 c:/program files (x86)/atollic/truestudio for stm32 9.0.1/armtools/bin/../lib/gcc/arm-atollic-eabi/6.3.1/armv7e-m/fpu/crtbegin.o

.preinit_array  0x080093fc        0x0
                0x080093fc                PROVIDE (__preinit_array_start, .)
 *(.preinit_array*)
                0x080093fc                PROVIDE (__preinit_array_end, .)

.init_array     0x080093fc        0x4
                0x080093fc                PROVIDE (__init_array_start, .)
 *(SORT(.init_array.*))
 *(.init_array*)
 .init_array    0x080093fc        0x4 c:/program files (x86)/atollic/truestudio for stm32 9.0.1/armtools/bin/../lib/gcc/arm-atollic-eabi/6.3.1/armv7e-m/fpu/crtbegin.o
                0x08009400                PROVIDE (__init_array_end, .)

.fini_array     0x08009400        0x4
                [!provide]                PROVIDE (__fini_array_start, .)
 *(SORT(.fini_array.*))
 *(.fini_array*)
 .fini_array    0x08009400        0x4 c:/program files (x86)/atollic/truestudio for stm32 9.0.1/armtools/bin/../lib/gcc/arm-atollic-eabi/6.3.1/armv7e-m/fpu/crtbegin.o
                [!provide]                PROVIDE (__fini_array_end, .)
                0x08009404                _sidata = LOADADDR (.data)

.data           0x20000000       0xe8 load address 0x08009404
                0x20000000                . = ALIGN (0x4)
                0x20000000                _sdata = .
 *(.data)
 *(.data*)
 .data.uwTickFreq
                0x20000000        0x1 Drivers\STM32F4xx_HAL_Driver\Src\stm32f4xx_hal.o
                0x20000000                uwTickFreq
 *fill*         0x20000001        0x3 
 .data.uwTickPrio
                0x20000004        0x4 Drivers\STM32F4xx_HAL_Driver\Src\stm32f4xx_hal.o
                0x20000004                uwTickPrio
 .data.USBH_msc
                0x20000008       0x20 Middlewares\ST\STM32_USB_Host_Library\Class\MSC\Src\usbh_msc.o
                0x20000008                USBH_msc
 .data.Is_cs43l22_Stop
                0x20000028        0x1 Src\cs43l22.o
 *fill*         0x20000029        0x3 
 .data.cs43l22_drv
                0x2000002c       0x30 Src\cs43l22.o
                0x2000002c                cs43l22_drv
 .data.Font_7x10
                0x2000005c        0x8 Src\ssd1306_fonts.o
                0x2000005c                Font_7x10
 .data.I2cxTimeout
                0x20000064        0x4 Src\stm32f4_discovery.o
                0x20000064                I2cxTimeout
 .data.SystemCoreClock
                0x20000068        0x4 Src\system_stm32f4xx.o
                0x20000068                SystemCoreClock
 .data.MusicList
                0x2000006c       0x14 Src\waveplayer.o
                0x2000006c                MusicList
 .data.Volume   0x20000080        0x1 Src\waveplayer.o
 *fill*         0x20000081        0x3 
 .data._impure_ptr
                0x20000084        0x4 c:/program files (x86)/atollic/truestudio for stm32 9.0.1/armtools/bin/../lib/gcc/arm-atollic-eabi/6.3.1/../../../../arm-atollic-eabi/lib/armv7e-m/fpu\libc_nano.a(lib_a-impure.o)
                0x20000084                _impure_ptr
 .data.impure_data
                0x20000088       0x60 c:/program files (x86)/atollic/truestudio for stm32 9.0.1/armtools/bin/../lib/gcc/arm-atollic-eabi/6.3.1/../../../../arm-atollic-eabi/lib/armv7e-m/fpu\libc_nano.a(lib_a-impure.o)
                0x200000e8                . = ALIGN (0x4)
                0x200000e8                _edata = .
                0x080094ec                _siccmram = LOADADDR (.ccmram)

.igot.plt       0x200000e8        0x0 load address 0x080094ec
 .igot.plt      0x200000e8        0x0 c:/program files (x86)/atollic/truestudio for stm32 9.0.1/armtools/bin/../lib/gcc/arm-atollic-eabi/6.3.1/armv7e-m/fpu/crtbegin.o

.ccmram         0x10000000        0x0 load address 0x080094ec
                0x10000000                . = ALIGN (0x4)
                0x10000000                _sccmram = .
 *(.ccmram)
 *(.ccmram*)
                0x10000000                . = ALIGN (0x4)
                0x10000000                _eccmram = .
                0x10000000                . = ALIGN (0x4)

.bss            0x200000e8     0x6f84
                0x200000e8                _sbss = .
                0x200000e8                __bss_start__ = _sbss
 *(.bss)
 .bss           0x200000e8       0x1c c:/program files (x86)/atollic/truestudio for stm32 9.0.1/armtools/bin/../lib/gcc/arm-atollic-eabi/6.3.1/armv7e-m/fpu/crtbegin.o
 *(.bss*)
 .bss.FatFs     0x20000104        0x4 Middlewares\Third_Party\FatFs\src\ff.o
 .bss.Files     0x20000108       0x20 Middlewares\Third_Party\FatFs\src\ff.o
 .bss.Fsid      0x20000128        0x2 Middlewares\Third_Party\FatFs\src\ff.o
 *fill*         0x2000012a        0x2 
 .bss.disk      0x2000012c        0xc Middlewares\Third_Party\FatFs\src\ff_gen_drv.o
                0x2000012c                disk
 .bss.OutputDev
                0x20000138        0x1 Src\cs43l22.o
                0x20000138                OutputDev
 *fill*         0x20000139        0x1 
 .bss.ssd1306   0x2000013a        0x6 Src\ssd1306.o
 .bss.ssd1306_Buffer
                0x20000140      0x410 Src\ssd1306.o
 .bss.I2cHandle
                0x20000550       0x54 Src\stm32f4_discovery.o
 .bss.hdma_i2sTx.9139
                0x200005a4       0x60 Src\stm32f4_discovery_audio.o
 .bss.pAudioDrv
                0x20000604        0x4 Src\stm32f4_discovery_audio.o
 .bss.Appli_state
                0x20000608        0x1 Src\usb_host.o
                0x20000608                Appli_state
 *fill*         0x20000609        0x3 
 .bss.AudioRemSize
                0x2000060c        0x4 Src\waveplayer.o
 .bss.MusicIndex
                0x20000610        0x1 Src\waveplayer.o
 *fill*         0x20000611        0x3 
 .bss.WaveDataLength
                0x20000614        0x4 Src\waveplayer.o
 .bss.buffer_offset
                0x20000618        0x1 Src\waveplayer.o
                0x20000618                buffer_offset
 *fill*         0x20000619        0x3 
 .bss.__malloc_free_list
                0x2000061c        0x4 c:/program files (x86)/atollic/truestudio for stm32 9.0.1/armtools/bin/../lib/gcc/arm-atollic-eabi/6.3.1/../../../../arm-atollic-eabi/lib/armv7e-m/fpu\libc_nano.a(lib_a-nano-mallocr.o)
                0x2000061c                __malloc_free_list
 .bss.__malloc_sbrk_start
                0x20000620        0x4 c:/program files (x86)/atollic/truestudio for stm32 9.0.1/armtools/bin/../lib/gcc/arm-atollic-eabi/6.3.1/../../../../arm-atollic-eabi/lib/armv7e-m/fpu\libc_nano.a(lib_a-nano-mallocr.o)
                0x20000620                __malloc_sbrk_start
 .bss.heap_end.5239
                0x20000624        0x4 c:/program files (x86)/atollic/truestudio for stm32 9.0.1/armtools/bin/../lib/gcc/arm-atollic-eabi/6.3.1/../../../../arm-atollic-eabi/lib/armv7e-m/fpu\libnosys.a(sbrk.o)
 *(COMMON)
 COMMON         0x20000628        0x4 Drivers\STM32F4xx_HAL_Driver\Src\stm32f4xx_hal.o
                0x20000628                uwTick
 COMMON         0x2000062c     0x206d Src\fatfs.o
                0x2000062c                USBHPath
                0x20000630                USBHFile
                0x20001660                USBHFatFS
                0x20002698                retUSBH
 *fill*         0x20002699        0x3 
 COMMON         0x2000269c       0x54 Src\i2c.o
                0x2000269c                hi2c1
 COMMON         0x200026f0     0x206c Src\main.o
                0x200026f0                myFile
                0x20003720                myBytes
                0x20003724                myFatFS
 COMMON         0x2000475c      0x110 Src\spi.o
                0x2000475c                hspi2
                0x200047b4                hspi1
                0x2000480c                hdma_spi2_tx
 COMMON         0x2000486c      0x134 Src\stm32f4_discovery_audio.o
                0x2000486c                PDM_FilterConfig
                0x20004878                PDM_FilterHandler
                0x20004910                hAudioOutI2s
                0x20004958                hAudioInI2s
 COMMON         0x200049a0      0x3c8 Src\usb_host.o
                0x200049a0                hUsbHostFS
 COMMON         0x20004d68      0x298 Src\usbh_conf.o
                0x20004d68                hhcd_USB_OTG_FS
 COMMON         0x20005000     0x2068 Src\waveplayer.o
                0x20005000                Audio_Buffer
                0x20006000                Directory
                0x20006034                LEDsState
                0x20006038                FileRead
 COMMON         0x20007068        0x4 c:/program files (x86)/atollic/truestudio for stm32 9.0.1/armtools/bin/../lib/gcc/arm-atollic-eabi/6.3.1/../../../../arm-atollic-eabi/lib/armv7e-m/fpu\libc_nano.a(lib_a-reent.o)
                0x20007068                errno
                0x2000706c                . = ALIGN (0x4)
                0x2000706c                _ebss = .
                0x2000706c                __bss_end__ = _ebss

._user_heap_stack
                0x2000706c     0x6000
                0x2000706c                . = ALIGN (0x4)
                0x2000706c                PROVIDE (end, .)
                [!provide]                PROVIDE (_end, .)
                0x2000906c                . = (. + _Min_Heap_Size)
 *fill*         0x2000706c     0x2000 
                0x2000d06c                . = (. + _Min_Stack_Size)
 *fill*         0x2000906c     0x4000 
                0x2000d06c                . = ALIGN (0x4)

/DISCARD/
 libc.a(*)
 libm.a(*)
 libgcc.a(*)

.ARM.attributes
                0x00000000       0x30
 *(.ARM.attributes)
 .ARM.attributes
                0x00000000       0x22 c:/program files (x86)/atollic/truestudio for stm32 9.0.1/armtools/bin/../lib/gcc/arm-atollic-eabi/6.3.1/armv7e-m/fpu/crti.o
 .ARM.attributes
                0x00000022       0x34 c:/program files (x86)/atollic/truestudio for stm32 9.0.1/armtools/bin/../lib/gcc/arm-atollic-eabi/6.3.1/armv7e-m/fpu/crtbegin.o
 .ARM.attributes
                0x00000056       0x39 Drivers\STM32F4xx_HAL_Driver\Src\stm32f4xx_hal.o
 .ARM.attributes
                0x0000008f       0x39 Drivers\STM32F4xx_HAL_Driver\Src\stm32f4xx_hal_cortex.o
 .ARM.attributes
                0x000000c8       0x39 Drivers\STM32F4xx_HAL_Driver\Src\stm32f4xx_hal_dma.o
 .ARM.attributes
                0x00000101       0x39 Drivers\STM32F4xx_HAL_Driver\Src\stm32f4xx_hal_gpio.o
 .ARM.attributes
                0x0000013a       0x39 Drivers\STM32F4xx_HAL_Driver\Src\stm32f4xx_hal_hcd.o
 .ARM.attributes
                0x00000173       0x39 Drivers\STM32F4xx_HAL_Driver\Src\stm32f4xx_hal_i2c.o
 .ARM.attributes
                0x000001ac       0x39 Drivers\STM32F4xx_HAL_Driver\Src\stm32f4xx_hal_i2s.o
 .ARM.attributes
                0x000001e5       0x39 Drivers\STM32F4xx_HAL_Driver\Src\stm32f4xx_hal_i2s_ex.o
 .ARM.attributes
                0x0000021e       0x39 Drivers\STM32F4xx_HAL_Driver\Src\stm32f4xx_hal_rcc.o
 .ARM.attributes
                0x00000257       0x39 Drivers\STM32F4xx_HAL_Driver\Src\stm32f4xx_hal_rcc_ex.o
 .ARM.attributes
                0x00000290       0x39 Drivers\STM32F4xx_HAL_Driver\Src\stm32f4xx_hal_spi.o
 .ARM.attributes
                0x000002c9       0x39 Drivers\STM32F4xx_HAL_Driver\Src\stm32f4xx_ll_usb.o
 .ARM.attributes
                0x00000302       0x39 Middlewares\ST\STM32_USB_Host_Library\Class\MSC\Src\usbh_msc.o
 .ARM.attributes
                0x0000033b       0x39 Middlewares\ST\STM32_USB_Host_Library\Class\MSC\Src\usbh_msc_bot.o
 .ARM.attributes
                0x00000374       0x39 Middlewares\ST\STM32_USB_Host_Library\Class\MSC\Src\usbh_msc_scsi.o
 .ARM.attributes
                0x000003ad       0x39 Middlewares\ST\STM32_USB_Host_Library\Core\Src\usbh_core.o
 .ARM.attributes
                0x000003e6       0x39 Middlewares\ST\STM32_USB_Host_Library\Core\Src\usbh_ctlreq.o
 .ARM.attributes
                0x0000041f       0x39 Middlewares\ST\STM32_USB_Host_Library\Core\Src\usbh_ioreq.o
 .ARM.attributes
                0x00000458       0x39 Middlewares\ST\STM32_USB_Host_Library\Core\Src\usbh_pipes.o
 .ARM.attributes
                0x00000491       0x39 Middlewares\Third_Party\FatFs\src\diskio.o
 .ARM.attributes
                0x000004ca       0x39 Middlewares\Third_Party\FatFs\src\ff.o
 .ARM.attributes
                0x00000503       0x39 Middlewares\Third_Party\FatFs\src\ff_gen_drv.o
 .ARM.attributes
                0x0000053c       0x39 Middlewares\Third_Party\FatFs\src\option\ccsbcs.o
 .ARM.attributes
                0x00000575       0x39 Middlewares\Third_Party\FatFs\src\option\syscall.o
 .ARM.attributes
                0x000005ae       0x39 Src\cs43l22.o
 .ARM.attributes
                0x000005e7       0x39 Src\dma.o
 .ARM.attributes
                0x00000620       0x39 Src\fatfs.o
 .ARM.attributes
                0x00000659       0x39 Src\gpio.o
 .ARM.attributes
                0x00000692       0x39 Src\i2c.o
 .ARM.attributes
                0x000006cb       0x39 Src\main.o
 .ARM.attributes
                0x00000704       0x39 Src\spi.o
 .ARM.attributes
                0x0000073d       0x39 Src\ssd1306.o
 .ARM.attributes
                0x00000776       0x39 Src\ssd1306_fonts.o
 .ARM.attributes
                0x000007af       0x39 Src\stm32f4_discovery.o
 .ARM.attributes
                0x000007e8       0x39 Src\stm32f4_discovery_audio.o
 .ARM.attributes
                0x00000821       0x39 Src\stm32f4xx_hal_msp.o
 .ARM.attributes
                0x0000085a       0x39 Src\stm32f4xx_it.o
 .ARM.attributes
                0x00000893       0x39 Src\system_stm32f4xx.o
 .ARM.attributes
                0x000008cc       0x39 Src\usb_host.o
 .ARM.attributes
                0x00000905       0x39 Src\usbh_conf.o
 .ARM.attributes
                0x0000093e       0x39 Src\usbh_diskio.o
 .ARM.attributes
                0x00000977       0x39 Src\usbh_platform.o
 .ARM.attributes
                0x000009b0       0x39 Src\waveplayer.o
 .ARM.attributes
                0x000009e9       0x21 startup\startup_stm32f407xx.o
 .ARM.attributes
                0x00000a0a       0x34 c:/program files (x86)/atollic/truestudio for stm32 9.0.1/armtools/bin/../lib/gcc/arm-atollic-eabi/6.3.1/../../../../arm-atollic-eabi/lib/armv7e-m/fpu\libc_nano.a(lib_a-init.o)
 .ARM.attributes
                0x00000a3e       0x34 c:/program files (x86)/atollic/truestudio for stm32 9.0.1/armtools/bin/../lib/gcc/arm-atollic-eabi/6.3.1/../../../../arm-atollic-eabi/lib/armv7e-m/fpu\libc_nano.a(lib_a-malloc.o)
 .ARM.attributes
                0x00000a72       0x34 c:/program files (x86)/atollic/truestudio for stm32 9.0.1/armtools/bin/../lib/gcc/arm-atollic-eabi/6.3.1/../../../../arm-atollic-eabi/lib/armv7e-m/fpu\libc_nano.a(lib_a-memset.o)
 .ARM.attributes
                0x00000aa6       0x34 c:/program files (x86)/atollic/truestudio for stm32 9.0.1/armtools/bin/../lib/gcc/arm-atollic-eabi/6.3.1/../../../../arm-atollic-eabi/lib/armv7e-m/fpu\libc_nano.a(lib_a-nano-freer.o)
 .ARM.attributes
                0x00000ada       0x34 c:/program files (x86)/atollic/truestudio for stm32 9.0.1/armtools/bin/../lib/gcc/arm-atollic-eabi/6.3.1/../../../../arm-atollic-eabi/lib/armv7e-m/fpu\libc_nano.a(lib_a-nano-mallocr.o)
 .ARM.attributes
                0x00000b0e       0x34 c:/program files (x86)/atollic/truestudio for stm32 9.0.1/armtools/bin/../lib/gcc/arm-atollic-eabi/6.3.1/../../../../arm-atollic-eabi/lib/armv7e-m/fpu\libc_nano.a(lib_a-sbrkr.o)
 .ARM.attributes
                0x00000b42       0x34 c:/program files (x86)/atollic/truestudio for stm32 9.0.1/armtools/bin/../lib/gcc/arm-atollic-eabi/6.3.1/../../../../arm-atollic-eabi/lib/armv7e-m/fpu\libc_nano.a(lib_a-impure.o)
 .ARM.attributes
                0x00000b76       0x34 c:/program files (x86)/atollic/truestudio for stm32 9.0.1/armtools/bin/../lib/gcc/arm-atollic-eabi/6.3.1/../../../../arm-atollic-eabi/lib/armv7e-m/fpu\libc_nano.a(lib_a-mlock.o)
 .ARM.attributes
                0x00000baa       0x34 c:/program files (x86)/atollic/truestudio for stm32 9.0.1/armtools/bin/../lib/gcc/arm-atollic-eabi/6.3.1/../../../../arm-atollic-eabi/lib/armv7e-m/fpu\libc_nano.a(lib_a-reent.o)
 .ARM.attributes
                0x00000bde       0x22 c:/program files (x86)/atollic/truestudio for stm32 9.0.1/armtools/bin/../lib/gcc/arm-atollic-eabi/6.3.1/armv7e-m/fpu\libgcc.a(_aeabi_uldivmod.o)
 .ARM.attributes
                0x00000c00       0x34 c:/program files (x86)/atollic/truestudio for stm32 9.0.1/armtools/bin/../lib/gcc/arm-atollic-eabi/6.3.1/armv7e-m/fpu\libgcc.a(_udivmoddi4.o)
 .ARM.attributes
                0x00000c34       0x22 c:/program files (x86)/atollic/truestudio for stm32 9.0.1/armtools/bin/../lib/gcc/arm-atollic-eabi/6.3.1/armv7e-m/fpu\libgcc.a(_dvmd_tls.o)
 .ARM.attributes
                0x00000c56       0x34 c:/program files (x86)/atollic/truestudio for stm32 9.0.1/armtools/bin/../lib/gcc/arm-atollic-eabi/6.3.1/../../../../arm-atollic-eabi/lib/armv7e-m/fpu\libnosys.a(sbrk.o)
 .ARM.attributes
                0x00000c8a       0x22 c:/program files (x86)/atollic/truestudio for stm32 9.0.1/armtools/bin/../lib/gcc/arm-atollic-eabi/6.3.1/armv7e-m/fpu/crtn.o
OUTPUT(SSD1306_0803.elf elf32-littlearm)

.debug_info     0x00000000    0x42ac6
 .debug_info    0x00000000     0x11ec Drivers\STM32F4xx_HAL_Driver\Src\stm32f4xx_hal.o
 .debug_info    0x000011ec     0x1744 Drivers\STM32F4xx_HAL_Driver\Src\stm32f4xx_hal_cortex.o
 .debug_info    0x00002930     0x125c Drivers\STM32F4xx_HAL_Driver\Src\stm32f4xx_hal_dma.o
 .debug_info    0x00003b8c      0xf88 Drivers\STM32F4xx_HAL_Driver\Src\stm32f4xx_hal_gpio.o
 .debug_info    0x00004b14     0x1982 Drivers\STM32F4xx_HAL_Driver\Src\stm32f4xx_hal_hcd.o
 .debug_info    0x00006496     0x378c Drivers\STM32F4xx_HAL_Driver\Src\stm32f4xx_hal_i2c.o
 .debug_info    0x00009c22     0x17ae Drivers\STM32F4xx_HAL_Driver\Src\stm32f4xx_hal_i2s.o
 .debug_info    0x0000b3d0     0x1599 Drivers\STM32F4xx_HAL_Driver\Src\stm32f4xx_hal_i2s_ex.o
 .debug_info    0x0000c969     0x1269 Drivers\STM32F4xx_HAL_Driver\Src\stm32f4xx_hal_rcc.o
 .debug_info    0x0000dbd2      0xe75 Drivers\STM32F4xx_HAL_Driver\Src\stm32f4xx_hal_rcc_ex.o
 .debug_info    0x0000ea47     0x23d2 Drivers\STM32F4xx_HAL_Driver\Src\stm32f4xx_hal_spi.o
 .debug_info    0x00010e19     0x1f59 Drivers\STM32F4xx_HAL_Driver\Src\stm32f4xx_ll_usb.o
 .debug_info    0x00012d72     0x1e10 Middlewares\ST\STM32_USB_Host_Library\Class\MSC\Src\usbh_msc.o
 .debug_info    0x00014b82     0x1ac9 Middlewares\ST\STM32_USB_Host_Library\Class\MSC\Src\usbh_msc_bot.o
 .debug_info    0x0001664b     0x1a05 Middlewares\ST\STM32_USB_Host_Library\Class\MSC\Src\usbh_msc_scsi.o
 .debug_info    0x00018050     0x1a1f Middlewares\ST\STM32_USB_Host_Library\Core\Src\usbh_core.o
 .debug_info    0x00019a6f     0x1a8a Middlewares\ST\STM32_USB_Host_Library\Core\Src\usbh_ctlreq.o
 .debug_info    0x0001b4f9     0x1684 Middlewares\ST\STM32_USB_Host_Library\Core\Src\usbh_ioreq.o
 .debug_info    0x0001cb7d     0x12e6 Middlewares\ST\STM32_USB_Host_Library\Core\Src\usbh_pipes.o
 .debug_info    0x0001de63     0x1498 Middlewares\Third_Party\FatFs\src\diskio.o
 .debug_info    0x0001f2fb     0x611c Middlewares\Third_Party\FatFs\src\ff.o
 .debug_info    0x00025417     0x14ce Middlewares\Third_Party\FatFs\src\ff_gen_drv.o
 .debug_info    0x000268e5     0x124f Middlewares\Third_Party\FatFs\src\option\ccsbcs.o
 .debug_info    0x00027b34     0x119f Middlewares\Third_Party\FatFs\src\option\syscall.o
 .debug_info    0x00028cd3     0x12c6 Src\cs43l22.o
 .debug_info    0x00029f99      0xdaa Src\dma.o
 .debug_info    0x0002ad43     0x1551 Src\fatfs.o
 .debug_info    0x0002c294      0xe41 Src\gpio.o
 .debug_info    0x0002d0d5     0x1214 Src\i2c.o
 .debug_info    0x0002e2e9     0x2aab Src\main.o
 .debug_info    0x00030d94     0x15a9 Src\spi.o
 .debug_info    0x0003233d     0x170c Src\ssd1306.o
 .debug_info    0x00033a49      0x19f Src\ssd1306_fonts.o
 .debug_info    0x00033be8     0x2259 Src\stm32f4_discovery.o
 .debug_info    0x00035e41     0x24d1 Src\stm32f4_discovery_audio.o
 .debug_info    0x00038312      0xe53 Src\stm32f4xx_hal_msp.o
 .debug_info    0x00039165     0x14e8 Src\stm32f4xx_it.o
 .debug_info    0x0003a64d      0xd1c Src\system_stm32f4xx.o
 .debug_info    0x0003b369     0x1255 Src\usb_host.o
 .debug_info    0x0003c5be     0x23b3 Src\usbh_conf.o
 .debug_info    0x0003e971     0x180a Src\usbh_diskio.o
 .debug_info    0x0004017b      0xa65 Src\usbh_platform.o
 .debug_info    0x00040be0     0x1e7b Src\waveplayer.o
 .debug_info    0x00042a5b       0x6b startup\startup_stm32f407xx.o

.debug_abbrev   0x00000000     0x7d56
 .debug_abbrev  0x00000000      0x308 Drivers\STM32F4xx_HAL_Driver\Src\stm32f4xx_hal.o
 .debug_abbrev  0x00000308      0x399 Drivers\STM32F4xx_HAL_Driver\Src\stm32f4xx_hal_cortex.o
 .debug_abbrev  0x000006a1      0x34a Drivers\STM32F4xx_HAL_Driver\Src\stm32f4xx_hal_dma.o
 .debug_abbrev  0x000009eb      0x268 Drivers\STM32F4xx_HAL_Driver\Src\stm32f4xx_hal_gpio.o
 .debug_abbrev  0x00000c53      0x38b Drivers\STM32F4xx_HAL_Driver\Src\stm32f4xx_hal_hcd.o
 .debug_abbrev  0x00000fde      0x3b4 Drivers\STM32F4xx_HAL_Driver\Src\stm32f4xx_hal_i2c.o
 .debug_abbrev  0x00001392      0x37b Drivers\STM32F4xx_HAL_Driver\Src\stm32f4xx_hal_i2s.o
 .debug_abbrev  0x0000170d      0x377 Drivers\STM32F4xx_HAL_Driver\Src\stm32f4xx_hal_i2s_ex.o
 .debug_abbrev  0x00001a84      0x353 Drivers\STM32F4xx_HAL_Driver\Src\stm32f4xx_hal_rcc.o
 .debug_abbrev  0x00001dd7      0x225 Drivers\STM32F4xx_HAL_Driver\Src\stm32f4xx_hal_rcc_ex.o
 .debug_abbrev  0x00001ffc      0x3ac Drivers\STM32F4xx_HAL_Driver\Src\stm32f4xx_hal_spi.o
 .debug_abbrev  0x000023a8      0x380 Drivers\STM32F4xx_HAL_Driver\Src\stm32f4xx_ll_usb.o
 .debug_abbrev  0x00002728      0x32d Middlewares\ST\STM32_USB_Host_Library\Class\MSC\Src\usbh_msc.o
 .debug_abbrev  0x00002a55      0x335 Middlewares\ST\STM32_USB_Host_Library\Class\MSC\Src\usbh_msc_bot.o
 .debug_abbrev  0x00002d8a      0x30d Middlewares\ST\STM32_USB_Host_Library\Class\MSC\Src\usbh_msc_scsi.o
 .debug_abbrev  0x00003097      0x3ce Middlewares\ST\STM32_USB_Host_Library\Core\Src\usbh_core.o
 .debug_abbrev  0x00003465      0x3b5 Middlewares\ST\STM32_USB_Host_Library\Core\Src\usbh_ctlreq.o
 .debug_abbrev  0x0000381a      0x271 Middlewares\ST\STM32_USB_Host_Library\Core\Src\usbh_ioreq.o
 .debug_abbrev  0x00003a8b      0x2c6 Middlewares\ST\STM32_USB_Host_Library\Core\Src\usbh_pipes.o
 .debug_abbrev  0x00003d51      0x2c7 Middlewares\Third_Party\FatFs\src\diskio.o
 .debug_abbrev  0x00004018      0x49b Middlewares\Third_Party\FatFs\src\ff.o
 .debug_abbrev  0x000044b3      0x32f Middlewares\Third_Party\FatFs\src\ff_gen_drv.o
 .debug_abbrev  0x000047e2      0x265 Middlewares\Third_Party\FatFs\src\option\ccsbcs.o
 .debug_abbrev  0x00004a47      0x263 Middlewares\Third_Party\FatFs\src\option\syscall.o
 .debug_abbrev  0x00004caa      0x305 Src\cs43l22.o
 .debug_abbrev  0x00004faf      0x1f5 Src\dma.o
 .debug_abbrev  0x000051a4      0x285 Src\fatfs.o
 .debug_abbrev  0x00005429      0x1f7 Src\gpio.o
 .debug_abbrev  0x00005620      0x229 Src\i2c.o
 .debug_abbrev  0x00005849      0x320 Src\main.o
 .debug_abbrev  0x00005b69      0x25c Src\spi.o
 .debug_abbrev  0x00005dc5      0x2f0 Src\ssd1306.o
 .debug_abbrev  0x000060b5       0x9e Src\ssd1306_fonts.o
 .debug_abbrev  0x00006153      0x401 Src\stm32f4_discovery.o
 .debug_abbrev  0x00006554      0x3da Src\stm32f4_discovery_audio.o
 .debug_abbrev  0x0000692e      0x200 Src\stm32f4xx_hal_msp.o
 .debug_abbrev  0x00006b2e      0x203 Src\stm32f4xx_it.o
 .debug_abbrev  0x00006d31      0x1ca Src\system_stm32f4xx.o
 .debug_abbrev  0x00006efb      0x29b Src\usb_host.o
 .debug_abbrev  0x00007196      0x392 Src\usbh_conf.o
 .debug_abbrev  0x00007528      0x316 Src\usbh_diskio.o
 .debug_abbrev  0x0000783e      0x1e8 Src\usbh_platform.o
 .debug_abbrev  0x00007a26      0x31e Src\waveplayer.o
 .debug_abbrev  0x00007d44       0x12 startup\startup_stm32f407xx.o

.debug_loc      0x00000000    0x14a34
 .debug_loc     0x00000000      0x11b Drivers\STM32F4xx_HAL_Driver\Src\stm32f4xx_hal.o
 .debug_loc     0x0000011b      0x4fb Drivers\STM32F4xx_HAL_Driver\Src\stm32f4xx_hal_cortex.o
 .debug_loc     0x00000616      0x727 Drivers\STM32F4xx_HAL_Driver\Src\stm32f4xx_hal_dma.o
 .debug_loc     0x00000d3d      0x3cd Drivers\STM32F4xx_HAL_Driver\Src\stm32f4xx_hal_gpio.o
 .debug_loc     0x0000110a      0xa2e Drivers\STM32F4xx_HAL_Driver\Src\stm32f4xx_hal_hcd.o
 .debug_loc     0x00001b38     0x2bba Drivers\STM32F4xx_HAL_Driver\Src\stm32f4xx_hal_i2c.o
 .debug_loc     0x000046f2      0xb83 Drivers\STM32F4xx_HAL_Driver\Src\stm32f4xx_hal_i2s.o
 .debug_loc     0x00005275      0x7d2 Drivers\STM32F4xx_HAL_Driver\Src\stm32f4xx_hal_i2s_ex.o
 .debug_loc     0x00005a47      0x336 Drivers\STM32F4xx_HAL_Driver\Src\stm32f4xx_hal_rcc.o
 .debug_loc     0x00005d7d      0x2cf Drivers\STM32F4xx_HAL_Driver\Src\stm32f4xx_hal_rcc_ex.o
 .debug_loc     0x0000604c     0x150f Drivers\STM32F4xx_HAL_Driver\Src\stm32f4xx_hal_spi.o
 .debug_loc     0x0000755b     0x1632 Drivers\STM32F4xx_HAL_Driver\Src\stm32f4xx_ll_usb.o
 .debug_loc     0x00008b8d      0x86a Middlewares\ST\STM32_USB_Host_Library\Class\MSC\Src\usbh_msc.o
 .debug_loc     0x000093f7      0x5a5 Middlewares\ST\STM32_USB_Host_Library\Class\MSC\Src\usbh_msc_bot.o
 .debug_loc     0x0000999c      0x6a2 Middlewares\ST\STM32_USB_Host_Library\Class\MSC\Src\usbh_msc_scsi.o
 .debug_loc     0x0000a03e      0x71c Middlewares\ST\STM32_USB_Host_Library\Core\Src\usbh_core.o
 .debug_loc     0x0000a75a      0xaa5 Middlewares\ST\STM32_USB_Host_Library\Core\Src\usbh_ctlreq.o
 .debug_loc     0x0000b1ff      0x57d Middlewares\ST\STM32_USB_Host_Library\Core\Src\usbh_ioreq.o
 .debug_loc     0x0000b77c      0x1a4 Middlewares\ST\STM32_USB_Host_Library\Core\Src\usbh_pipes.o
 .debug_loc     0x0000b920      0x1c6 Middlewares\Third_Party\FatFs\src\diskio.o
 .debug_loc     0x0000bae6     0x5eae Middlewares\Third_Party\FatFs\src\ff.o
 .debug_loc     0x00011994      0x216 Middlewares\Third_Party\FatFs\src\ff_gen_drv.o
 .debug_loc     0x00011baa      0x253 Middlewares\Third_Party\FatFs\src\option\ccsbcs.o
 .debug_loc     0x00011dfd       0x42 Middlewares\Third_Party\FatFs\src\option\syscall.o
 .debug_loc     0x00011e3f      0xcde Src\cs43l22.o
 .debug_loc     0x00012b1d       0x4d Src\i2c.o
 .debug_loc     0x00012b6a       0x9d Src\spi.o
 .debug_loc     0x00012c07      0x3ec Src\ssd1306.o
 .debug_loc     0x00012ff3      0x41c Src\stm32f4_discovery.o
 .debug_loc     0x0001340f      0x7cd Src\stm32f4_discovery_audio.o
 .debug_loc     0x00013bdc      0x11c Src\system_stm32f4xx.o
 .debug_loc     0x00013cf8      0x754 Src\usbh_conf.o
 .debug_loc     0x0001444c      0x504 Src\usbh_diskio.o
 .debug_loc     0x00014950       0x4c Src\usbh_platform.o
 .debug_loc     0x0001499c       0x98 Src\waveplayer.o

.debug_aranges  0x00000000     0x14c0
 .debug_aranges
                0x00000000       0xd8 Drivers\STM32F4xx_HAL_Driver\Src\stm32f4xx_hal.o
 .debug_aranges
                0x000000d8       0xa8 Drivers\STM32F4xx_HAL_Driver\Src\stm32f4xx_hal_cortex.o
 .debug_aranges
                0x00000180       0x80 Drivers\STM32F4xx_HAL_Driver\Src\stm32f4xx_hal_dma.o
 .debug_aranges
                0x00000200       0x58 Drivers\STM32F4xx_HAL_Driver\Src\stm32f4xx_hal_gpio.o
 .debug_aranges
                0x00000258       0xa0 Drivers\STM32F4xx_HAL_Driver\Src\stm32f4xx_hal_hcd.o
 .debug_aranges
                0x000002f8      0x190 Drivers\STM32F4xx_HAL_Driver\Src\stm32f4xx_hal_i2c.o
 .debug_aranges
                0x00000488       0xc8 Drivers\STM32F4xx_HAL_Driver\Src\stm32f4xx_hal_i2s.o
 .debug_aranges
                0x00000550       0x60 Drivers\STM32F4xx_HAL_Driver\Src\stm32f4xx_hal_i2s_ex.o
 .debug_aranges
                0x000005b0       0x88 Drivers\STM32F4xx_HAL_Driver\Src\stm32f4xx_hal_rcc.o
 .debug_aranges
                0x00000638       0x48 Drivers\STM32F4xx_HAL_Driver\Src\stm32f4xx_hal_rcc_ex.o
 .debug_aranges
                0x00000680      0x180 Drivers\STM32F4xx_HAL_Driver\Src\stm32f4xx_hal_spi.o
 .debug_aranges
                0x00000800      0x178 Drivers\STM32F4xx_HAL_Driver\Src\stm32f4xx_ll_usb.o
 .debug_aranges
                0x00000978       0x78 Middlewares\ST\STM32_USB_Host_Library\Class\MSC\Src\usbh_msc.o
 .debug_aranges
                0x000009f0       0x38 Middlewares\ST\STM32_USB_Host_Library\Class\MSC\Src\usbh_msc_bot.o
 .debug_aranges
                0x00000a28       0x48 Middlewares\ST\STM32_USB_Host_Library\Class\MSC\Src\usbh_msc_scsi.o
 .debug_aranges
                0x00000a70       0x98 Middlewares\ST\STM32_USB_Host_Library\Core\Src\usbh_core.o
 .debug_aranges
                0x00000b08       0x68 Middlewares\ST\STM32_USB_Host_Library\Core\Src\usbh_ctlreq.o
 .debug_aranges
                0x00000b70       0x60 Middlewares\ST\STM32_USB_Host_Library\Core\Src\usbh_ioreq.o
 .debug_aranges
                0x00000bd0       0x38 Middlewares\ST\STM32_USB_Host_Library\Core\Src\usbh_pipes.o
 .debug_aranges
                0x00000c08       0x48 Middlewares\Third_Party\FatFs\src\diskio.o
 .debug_aranges
                0x00000c50      0x1d0 Middlewares\Third_Party\FatFs\src\ff.o
 .debug_aranges
                0x00000e20       0x40 Middlewares\Third_Party\FatFs\src\ff_gen_drv.o
 .debug_aranges
                0x00000e60       0x28 Middlewares\Third_Party\FatFs\src\option\ccsbcs.o
 .debug_aranges
                0x00000e88       0x28 Middlewares\Third_Party\FatFs\src\option\syscall.o
 .debug_aranges
                0x00000eb0       0x80 Src\cs43l22.o
 .debug_aranges
                0x00000f30       0x20 Src\dma.o
 .debug_aranges
                0x00000f50       0x28 Src\fatfs.o
 .debug_aranges
                0x00000f78       0x20 Src\gpio.o
 .debug_aranges
                0x00000f98       0x30 Src\i2c.o
 .debug_aranges
                0x00000fc8       0x38 Src\main.o
 .debug_aranges
                0x00001000       0x38 Src\spi.o
 .debug_aranges
                0x00001038       0x68 Src\ssd1306.o
 .debug_aranges
                0x000010a0       0x18 Src\ssd1306_fonts.o
 .debug_aranges
                0x000010b8       0xa8 Src\stm32f4_discovery.o
 .debug_aranges
                0x00001160      0x108 Src\stm32f4_discovery_audio.o
 .debug_aranges
                0x00001268       0x20 Src\stm32f4xx_hal_msp.o
 .debug_aranges
                0x00001288       0x40 Src\stm32f4xx_it.o
 .debug_aranges
                0x000012c8       0x28 Src\system_stm32f4xx.o
 .debug_aranges
                0x000012f0       0x30 Src\usb_host.o
 .debug_aranges
                0x00001320       0xc0 Src\usbh_conf.o
 .debug_aranges
                0x000013e0       0x40 Src\usbh_diskio.o
 .debug_aranges
                0x00001420       0x20 Src\usbh_platform.o
 .debug_aranges
                0x00001440       0x58 Src\waveplayer.o
 .debug_aranges
                0x00001498       0x28 startup\startup_stm32f407xx.o

.debug_ranges   0x00000000     0x1e18