stm32f4_discovery_audio.c:665:16:I2S3_Init	8	static
stm32f4_discovery_audio.c:266:9:BSP_AUDIO_OUT_Play	16	static
stm32f4_discovery_audio.c:290:9:BSP_AUDIO_OUT_Stop	16	static
stm32f4_discovery_audio.c:321:6:BSP_AUDIO_OUT_ChangeBuffer	0	static
stm32f4_discovery_audio.c:334:9:BSP_AUDIO_OUT_Pause	8	static
stm32f4_discovery_audio.c:358:9:BSP_AUDIO_OUT_Resume	8	static
stm32f4_discovery_audio.c:383:9:BSP_AUDIO_OUT_SetVolume	8	static
stm32f4_discovery_audio.c:403:9:BSP_AUDIO_OUT_SetMute	8	static
stm32f4_discovery_audio.c:425:9:BSP_AUDIO_OUT_SetOutputMode	8	static
stm32f4_discovery_audio.c:489:13:BSP_AUDIO_OUT_ClockConfig	32	static
stm32f4_discovery_audio.c:445:6:BSP_AUDIO_OUT_SetFrequency	8	static
stm32f4_discovery_audio.c:531:13:BSP_AUDIO_OUT_MspInit	56	static
stm32f4_discovery_audio.c:214:9:BSP_AUDIO_OUT_Init	24	static
stm32f4_discovery_audio.c:601:13:BSP_AUDIO_OUT_MspDeInit	8	static
stm32f4_discovery_audio.c:639:13:BSP_AUDIO_OUT_TransferComplete_CallBack	0	static
stm32f4_discovery_audio.c:458:6:HAL_I2S_TxCpltCallback	8	static
stm32f4_discovery_audio.c:646:13:BSP_AUDIO_OUT_HalfTransfer_CallBack	0	static
stm32f4_discovery_audio.c:471:6:HAL_I2S_TxHalfCpltCallback	8	static
stm32f4_discovery_audio.c:653:13:BSP_AUDIO_OUT_Error_CallBack	0	static
stm32f4_discovery_audio.c:739:9:BSP_AUDIO_IN_Record	8	static
stm32f4_discovery_audio.c:756:9:BSP_AUDIO_IN_Stop	8	static
stm32f4_discovery_audio.c:773:9:BSP_AUDIO_IN_Pause	8	static
stm32f4_discovery_audio.c:786:9:BSP_AUDIO_IN_Resume	8	static
stm32f4_discovery_audio.c:801:9:BSP_AUDIO_IN_SetVolume	0	static
stm32f4_discovery_audio.c:816:9:BSP_AUDIO_IN_PDMToPCM	136	static
stm32f4_discovery_audio.c:871:13:BSP_AUDIO_IN_ClockConfig	24	static
stm32f4_discovery_audio.c:905:13:BSP_AUDIO_IN_MspInit	64	static
stm32f4_discovery_audio.c:707:9:BSP_AUDIO_IN_Init	56	static
stm32f4_discovery_audio.c:971:13:BSP_AUDIO_IN_MspDeInit	8	static
stm32f4_discovery_audio.c:1003:13:BSP_AUDIO_IN_TransferComplete_CallBack	0	static
stm32f4_discovery_audio.c:846:6:HAL_I2S_RxCpltCallback	8	static
stm32f4_discovery_audio.c:1013:13:BSP_AUDIO_IN_HalfTransfer_CallBack	0	static
stm32f4_discovery_audio.c:856:6:HAL_I2S_RxHalfCpltCallback	8	static
stm32f4_discovery_audio.c:1023:13:BSP_AUDIO_IN_Error_Callback	0	static
stm32f4_discovery_audio.c:1112:6:HAL_I2S_ErrorCallback	8	static
